Component: ARM Compiler 5.06 update 5 (build 528) Tool: armlink [4d35e2]

==============================================================================

Section Cross References

    startup_stm32f10x_md_1.o(STACK) refers (Special) to heapauxi.o(.text) for __use_two_region_memory
    startup_stm32f10x_md_1.o(HEAP) refers (Special) to heapauxi.o(.text) for __use_two_region_memory
    startup_stm32f10x_md_1.o(RESET) refers (Special) to heapauxi.o(.text) for __use_two_region_memory
    startup_stm32f10x_md_1.o(RESET) refers to startup_stm32f10x_md_1.o(STACK) for __initial_sp
    startup_stm32f10x_md_1.o(RESET) refers to startup_stm32f10x_md_1.o(.text) for Reset_Handler
    startup_stm32f10x_md_1.o(RESET) refers to stm32f10x_it.o(.text) for NMI_Handler
    startup_stm32f10x_md_1.o(RESET) refers to tim4.o(.text) for TIM4_IRQHandler
    startup_stm32f10x_md_1.o(RESET) refers to usart1.o(.text) for USART1_IRQHandler
    startup_stm32f10x_md_1.o(.text) refers (Special) to heapauxi.o(.text) for __use_two_region_memory
    startup_stm32f10x_md_1.o(.text) refers to system_stm32f10x.o(.text) for SystemInit
    startup_stm32f10x_md_1.o(.text) refers to __main.o(!!!main) for __main
    startup_stm32f10x_md_1.o(.text) refers to startup_stm32f10x_md_1.o(HEAP) for Heap_Mem
    startup_stm32f10x_md_1.o(.text) refers to startup_stm32f10x_md_1.o(STACK) for Stack_Mem
    system_stm32f10x.o(.text) refers to system_stm32f10x.o(.data) for SystemCoreClock
    usart.o(.text) refers (Special) to use_no_semi_2.o(.text) for __use_no_semihosting
    usart.o(.text) refers to stm32f10x_rcc.o(.text) for RCC_APB2PeriphClockCmd
    usart.o(.text) refers to stm32f10x_gpio.o(.text) for GPIO_Init
    usart.o(.text) refers to stm32f10x_usart.o(.text) for USART_Init
    usart.o(.bss) refers (Special) to use_no_semi_2.o(.text) for __use_no_semihosting
    usart.o(.data) refers (Special) to use_no_semi_2.o(.text) for __use_no_semihosting
    stm32f10x_adc.o(.text) refers to stm32f10x_rcc.o(.text) for RCC_APB2PeriphResetCmd
    stm32f10x_bkp.o(.text) refers to stm32f10x_rcc.o(.text) for RCC_BackupResetCmd
    stm32f10x_can.o(.text) refers to stm32f10x_rcc.o(.text) for RCC_APB1PeriphResetCmd
    stm32f10x_cec.o(.text) refers to stm32f10x_rcc.o(.text) for RCC_APB1PeriphResetCmd
    stm32f10x_dac.o(.text) refers to stm32f10x_rcc.o(.text) for RCC_APB1PeriphResetCmd
    stm32f10x_gpio.o(.text) refers to stm32f10x_rcc.o(.text) for RCC_APB2PeriphResetCmd
    stm32f10x_i2c.o(.text) refers to stm32f10x_rcc.o(.text) for RCC_APB1PeriphResetCmd
    stm32f10x_pwr.o(.text) refers to stm32f10x_rcc.o(.text) for RCC_APB1PeriphResetCmd
    stm32f10x_rcc.o(.text) refers to stm32f10x_rcc.o(.data) for APBAHBPrescTable
    stm32f10x_spi.o(.text) refers to stm32f10x_rcc.o(.text) for RCC_APB2PeriphResetCmd
    stm32f10x_tim.o(.text) refers to stm32f10x_rcc.o(.text) for RCC_APB2PeriphResetCmd
    stm32f10x_usart.o(.text) refers to stm32f10x_rcc.o(.text) for RCC_APB2PeriphResetCmd
    stm32f10x_wwdg.o(.text) refers to stm32f10x_rcc.o(.text) for RCC_APB1PeriphResetCmd
    led.o(.text) refers to stm32f10x_rcc.o(.text) for RCC_APB2PeriphClockCmd
    led.o(.text) refers to stm32f10x_gpio.o(.text) for GPIO_Init
    key.o(.text) refers to buzzer.o(.text) for BUZZER_Init
    key.o(.text) refers to stm32f10x_rcc.o(.text) for RCC_APB2PeriphClockCmd
    key.o(.text) refers to stm32f10x_gpio.o(.text) for GPIO_Init
    key.o(.text) refers to delay.o(.text) for delay_ms
    key.o(.text) refers to motor.o(.text) for Motor_Forward
    key.o(.text) refers to inv_mpu.o(.text) for mpu_dmp_get_data
    key.o(.text) refers to fflt_clz.o(x$fpl$ffltu) for __aeabi_ui2f
    key.o(.text) refers to fdiv.o(x$fpl$fdiv) for __aeabi_fdiv
    key.o(.text) refers to oled.o(.text) for OLED_ShowString
    key.o(.text) refers to ffixu.o(x$fpl$ffixu) for __aeabi_f2uiz
    key.o(.text) refers to fmul.o(x$fpl$fmul) for __aeabi_fmul
    key.o(.text) refers to ffix.o(x$fpl$ffix) for __aeabi_f2iz
    key.o(.text) refers to key.o(.data) for Button_NUM
    key.o(.text) refers to pid.o(.data) for yaw
    key.o(.text) refers to usart1.o(.bss) for Serial_RxPacket
    key.o(.text) refers to mode_control.o(.data) for Mode_Car
    oled.o(.text) refers to stm32f10x_rcc.o(.text) for RCC_APB2PeriphClockCmd
    oled.o(.text) refers to stm32f10x_gpio.o(.text) for GPIO_Init
    oled.o(.text) refers to oled.o(.constdata) for OLED_F8x16
    pwm.o(.text) refers to stm32f10x_rcc.o(.text) for RCC_APB2PeriphClockCmd
    pwm.o(.text) refers to stm32f10x_gpio.o(.text) for GPIO_Init
    pwm.o(.text) refers to stm32f10x_tim.o(.text) for TIM_InternalClockConfig
    servo.o(.text) refers to pwm.o(.text) for PWM_Init
    servo.o(.text) refers to stm32f10x_tim.o(.text) for TIM_SetCompare2
    motor.o(.text) refers to stm32f10x_rcc.o(.text) for RCC_APB2PeriphClockCmd
    motor.o(.text) refers to stm32f10x_gpio.o(.text) for GPIO_Init
[...]
    _printf_percent                          0x08000161   Thumb Code     0  _printf_percent.o(.ARM.Collect$$_printf_percent$$00000000)
    _printf_x                                0x08000167   Thumb Code     0  _printf_x.o(.ARM.Collect$$_printf_percent$$0000000C)
    _printf_percent_end                      0x0800016d   Thumb Code     0  _printf_percent_end.o(.ARM.Collect$$_printf_percent$$00000017)
    __rt_lib_init                            0x08000171   Thumb Code     0  libinit.o(.ARM.Collect$$libinit$$00000000)
    __rt_lib_init_alloca_1                   0x08000173   Thumb Code     0  libinit2.o(.ARM.Collect$$libinit$$0000002E)
    __rt_lib_init_argv_1                     0x08000173   Thumb Code     0  libinit2.o(.ARM.Collect$$libinit$$0000002C)
    __rt_lib_init_atexit_1                   0x08000173   Thumb Code     0  libinit2.o(.ARM.Collect$$libinit$$0000001B)
    __rt_lib_init_clock_1                    0x08000173   Thumb Code     0  libinit2.o(.ARM.Collect$$libinit$$00000021)
    __rt_lib_init_cpp_1                      0x08000173   Thumb Code     0  libinit2.o(.ARM.Collect$$libinit$$00000032)
    __rt_lib_init_exceptions_1               0x08000173   Thumb Code     0  libinit2.o(.ARM.Collect$$libinit$$00000030)
    __rt_lib_init_fp_1                       0x08000173   Thumb Code     0  libinit2.o(.ARM.Collect$$libinit$$00000002)
    __rt_lib_init_fp_trap_1                  0x08000173   Thumb Code     0  libinit2.o(.ARM.Collect$$libinit$$0000001F)
    __rt_lib_init_getenv_1                   0x08000173   Thumb Code     0  libinit2.o(.ARM.Collect$$libinit$$00000023)
    __rt_lib_init_heap_1                     0x08000173   Thumb Code     0  libinit2.o(.ARM.Collect$$libinit$$0000000A)
    __rt_lib_init_lc_collate_1               0x08000173   Thumb Code     0  libinit2.o(.ARM.Collect$$libinit$$00000011)
    __rt_lib_init_lc_ctype_1                 0x08000173   Thumb Code     0  libinit2.o(.ARM.Collect$$libinit$$00000013)
    __rt_lib_init_lc_monetary_1              0x08000173   Thumb Code     0  libinit2.o(.ARM.Collect$$libinit$$00000015)
    __rt_lib_init_lc_numeric_1               0x08000173   Thumb Code     0  libinit2.o(.ARM.Collect$$libinit$$00000017)
    __rt_lib_init_lc_time_1                  0x08000173   Thumb Code     0  libinit2.o(.ARM.Collect$$libinit$$00000019)
    __rt_lib_init_preinit_1                  0x08000173   Thumb Code     0  libinit2.o(.ARM.Collect$$libinit$$00000004)
    __rt_lib_init_rand_1                     0x08000173   Thumb Code     0  libinit2.o(.ARM.Collect$$libinit$$0000000E)
    __rt_lib_init_return                     0x08000173   Thumb Code     0  libinit2.o(.ARM.Collect$$libinit$$00000033)
    __rt_lib_init_signal_1                   0x08000173   Thumb Code     0  libinit2.o(.ARM.Collect$$libinit$$0000001D)
    __rt_lib_init_stdio_1                    0x08000173   Thumb Code     0  libinit2.o(.ARM.Collect$$libinit$$00000025)
    __rt_lib_init_user_alloc_1               0x08000173   Thumb Code     0  libinit2.o(.ARM.Collect$$libinit$$0000000C)
    __rt_lib_shutdown                        0x08000175   Thumb Code     0  libshutdown.o(.ARM.Collect$$libshutdown$$00000000)
    __rt_lib_shutdown_cpp_1                  0x08000177   Thumb Code     0  libshutdown2.o(.ARM.Collect$$libshutdown$$00000002)
    __rt_lib_shutdown_fp_trap_1              0x08000177   Thumb Code     0  libshutdown2.o(.ARM.Collect$$libshutdown$$00000007)
    __rt_lib_shutdown_heap_1                 0x08000177   Thumb Code     0  libshutdown2.o(.ARM.Collect$$libshutdown$$0000000F)
    __rt_lib_shutdown_return                 0x08000177   Thumb Code     0  libshutdown2.o(.ARM.Collect$$libshutdown$$00000010)
    __rt_lib_shutdown_signal_1               0x08000177   Thumb Code     0  libshutdown2.o(.ARM.Collect$$libshutdown$$0000000A)
    __rt_lib_shutdown_stdio_1                0x08000177   Thumb Code     0  libshutdown2.o(.ARM.Collect$$libshutdown$$00000004)
    __rt_lib_shutdown_user_alloc_1           0x08000177   Thumb Code     0  libshutdown2.o(.ARM.Collect$$libshutdown$$0000000C)
    __rt_entry                               0x08000179   Thumb Code     0  __rtentry.o(.ARM.Collect$$rtentry$$00000000)
    __rt_entry_presh_1                       0x08000179   Thumb Code     0  __rtentry2.o(.ARM.Collect$$rtentry$$00000002)
    __rt_entry_sh                            0x08000179   Thumb Code     0  __rtentry4.o(.ARM.Collect$$rtentry$$00000004)
    __rt_entry_li                            0x0800017f   Thumb Code     0  __rtentry2.o(.ARM.Collect$$rtentry$$0000000A)
    __rt_entry_postsh_1                      0x0800017f   Thumb Code     0  __rtentry2.o(.ARM.Collect$$rtentry$$00000009)
    __rt_entry_main                          0x08000183   Thumb Code     0  __rtentry2.o(.ARM.Collect$$rtentry$$0000000D)
    __rt_entry_postli_1                      0x08000183   Thumb Code     0  __rtentry2.o(.ARM.Collect$$rtentry$$0000000C)
    __rt_exit                                0x0800018b   Thumb Code     0  rtexit.o(.ARM.Collect$$rtexit$$00000000)
    __rt_exit_ls                             0x0800018d   Thumb Code     0  rtexit2.o(.ARM.Collect$$rtexit$$00000003)
    __rt_exit_prels_1                        0x0800018d   Thumb Code     0  rtexit2.o(.ARM.Collect$$rtexit$$00000002)
    __rt_exit_exit                           0x08000191   Thumb Code     0  rtexit2.o(.ARM.Collect$$rtexit$$00000004)
    Reset_Handler                            0x08000199   Thumb Code     8  startup_stm32f10x_md_1.o(.text)
    ADC1_2_IRQHandler                        0x080001b3   Thumb Code     0  startup_stm32f10x_md_1.o(.text)
    CAN1_RX1_IRQHandler                      0x080001b3   Thumb Code     0  startup_stm32f10x_md_1.o(.text)
    CAN1_SCE_IRQHandler                      0x080001b3   Thumb Code     0  startup_stm32f10x_md_1.o(.text)
    DMA1_Channel1_IRQHandler                 0x080001b3   Thumb Code     0  startup_stm32f10x_md_1.o(.text)
    DMA1_Channel2_IRQHandler                 0x080001b3   Thumb Code     0  startup_stm32f10x_md_1.o(.text)
    DMA1_Channel3_IRQHandler                 0x080001b3   Thumb Code     0  startup_stm32f10x_md_1.o(.text)
    DMA1_Channel4_IRQHandler                 0x080001b3   Thumb Code     0  startup_stm32f10x_md_1.o(.text)
    DMA1_Channel5_IRQHandler                 0x080001b3   Thumb Code     0  startup_stm32f10x_md_1.o(.text)
    DMA1_Channel6_IRQHandler                 0x080001b3   Thumb Code     0  startup_stm32f10x_md_1.o(.text)
    DMA1_Channel7_IRQHandler                 0x080001b3   Thumb Code     0  startup_stm32f10x_md_1.o(.text)
    EXTI0_IRQHandler                         0x080001b3   Thumb Code     0  startup_stm32f10x_md_1.o(.text)
    EXTI15_10_IRQHandler                     0x080001b3   Thumb Code     0  startup_stm32f10x_md_1.o(.text)
    EXTI1_IRQHandler                         0x080001b3   Thumb Code     0  startup_stm32f10x_md_1.o(.text)
    EXTI2_IRQHandler                         0x080001b3   Thumb Code     0  startup_stm32f10x_md_1.o(.text)
    EXTI3_IRQHandler                         0x080001b3   Thumb Code     0  startup_stm32f10x_md_1.o(.text)
    EXTI4_IRQHandler                         0x080001b3   Thumb Code     0  startup_stm32f10x_md_1.o(.text)
    EXTI9_5_IRQHandler                       0x080001b3   Thumb Code     0  startup_stm32f10x_md_1.o(.text)
    FLASH_IRQHandler                         0x080001b3   Thumb Code     0  startup_stm32f10x_md_1.o(.text)
    I2C1_ER_IRQHandler                       0x080001b3   Thumb Code     0  startup_stm32f10x_md_1.o(.text)
    I2C1_EV_IRQHandler                       0x080001b3   Thumb Code     0  startup_stm32f10x_md_1.o(.text)
    I2C2_ER_IRQHandler                       0x080001b3   Thumb Code     0  startup_stm32f10x_md_1.o(.text)
    I2C2_EV_IRQHandler                       0x080001b3   Thumb Code     0  startup_stm32f10x_md_1.o(.text)
    PVD_IRQHandler                           0x080001b3   Thumb Code     0  startup_stm32f10x_md_1.o(.text)
    RCC_IRQHandler                           0x080001b3   Thumb Code     0  startup_stm32f10x_md_1.o(.text)
    RTCAlarm_IRQHandler                      0x080001b3   Thumb Code     0  startup_stm32f10x_md_1.o(.text)
    RTC_IRQHandler                           0x080001b3   Thumb Code     0  startup_stm32f10x_md_1.o(.text)
    SPI1_IRQHandler                          0x080001b3   Thumb Code     0  startup_stm32f10x_md_1.o(.text)
    SPI2_IRQHandler                          0x080001b3   Thumb Code     0  startup_stm32f10x_md_1.o(.text)
    TAMPER_IRQHandler                        0x080001b3   Thumb Code     0  startup_stm32f10x_md_1.o(.text)
    TIM1_BRK_IRQHandler                      0x080001b3   Thumb Code     0  startup_stm32f10x_md_1.o(.text)
    TIM1_CC_IRQHandler                       0x080001b3   Thumb Code     0  startup_stm32f10x_md_1.o(.text)
    TIM1_TRG_COM_IRQHandler                  0x080001b3   Thumb Code     0  startup_stm32f10x_md_1.o(.text)
    TIM1_UP_IRQHandler                       0x080001b3   Thumb Code     0  startup_stm32f10x_md_1.o(.text)
    TIM2_IRQHandler                          0x080001b3   Thumb Code     0  startup_stm32f10x_md_1.o(.text)
    TIM3_IRQHandler                          0x080001b3   Thumb Code     0  startup_stm32f10x_md_1.o(.text)
    USART2_IRQHandler                        0x080001b3   Thumb Code     0  startup_stm32f10x_md_1.o(.text)
    USART3_IRQHandler                        0x080001b3   Thumb Code     0  startup_stm32f10x_md_1.o(.text)
    USBWakeUp_IRQHandler                     0x080001b3   Thumb Code     0  startup_stm32f10x_md_1.o(.text)
    USB_HP_CAN1_TX_IRQHandler                0x080001b3   Thumb Code     0  startup_stm32f10x_md_1.o(.text)
    USB_LP_CAN1_RX0_IRQHandler               0x080001b3   Thumb Code     0  startup_stm32f10x_md_1.o(.text)
    WWDG_IRQHandler                          0x080001b3   Thumb Code     0  startup_stm32f10x_md_1.o(.text)
    __user_initial_stackheap                 0x080001b5   Thumb Code     0  startup_stm32f10x_md_1.o(.text)
    SystemInit                               0x080002b7   Thumb Code    78  system_stm32f10x.o(.text)
    SystemCoreClockUpdate                    0x08000305   Thumb Code   142  system_stm32f10x.o(.text)
    delay_us                                 0x080003b9   Thumb Code    46  delay.o(.text)
    delay_ms                                 0x080003e7   Thumb Code    24  delay.o(.text)
    delay_s                                  0x080003ff   Thumb Code    24  delay.o(.text)
    _sys_exit                                0x08000419   Thumb Code     4  usart.o(.text)
    fputc                                    0x0800041d   Thumb Code    24  usart.o(.text)
    uart1_init                               0x08000435   Thumb Code   124  usart.o(.text)
    NVIC_PriorityGroupConfig                 0x080004b9   Thumb Code    10  misc.o(.text)
    NVIC_Init                                0x080004c3   Thumb Code   100  misc.o(.text)
    NVIC_SetVectorTable                      0x08000527   Thumb Code    14  misc.o(.text)
    NVIC_SystemLPConfig                      0x08000535   Thumb Code    34  misc.o(.text)
    SysTick_CLKSourceConfig                  0x08000557   Thumb Code    40  misc.o(.text)
    ADC_DeInit                               0x08000595   Thumb Code    78  stm32f10x_adc.o(.text)
    ADC_Init                                 0x080005e3   Thumb Code    70  stm32f10x_adc.o(.text)
    ADC_StructInit                           0x08000629   Thumb Code    18  stm32f10x_adc.o(.text)
    ADC_Cmd                                  0x0800063b   Thumb Code    22  stm32f10x_adc.o(.text)
    ADC_DMACmd                               0x08000651   Thumb Code    22  stm32f10x_adc.o(.text)
    ADC_ITConfig                             0x08000667   Thumb Code    24  stm32f10x_adc.o(.text)
    ADC_ResetCalibration                     0x0800067f   Thumb Code    10  stm32f10x_adc.o(.text)
    ADC_GetResetCalibrationStatus            0x08000689   Thumb Code    20  stm32f10x_adc.o(.text)
    ADC_StartCalibration                     0x0800069d   Thumb Code    10  stm32f10x_adc.o(.text)
    ADC_GetCalibrationStatus                 0x080006a7   Thumb Code    20  stm32f10x_adc.o(.text)
    ADC_SoftwareStartConvCmd                 0x080006bb   Thumb Code    22  stm32f10x_adc.o(.text)
    ADC_GetSoftwareStartConvStatus           0x080006d1   Thumb Code    20  stm32f10x_adc.o(.text)
    ADC_DiscModeChannelCountConfig           0x080006e5   Thumb Code    24  stm32f10x_adc.o(.text)
    ADC_DiscModeCmd                          0x080006fd   Thumb Code    22  stm32f10x_adc.o(.text)
    ADC_RegularChannelConfig                 0x08000713   Thumb Code   184  stm32f10x_adc.o(.text)
    ADC_ExternalTrigConvCmd                  0x080007cb   Thumb Code    22  stm32f10x_adc.o(.text)
    ADC_GetConversionValue                   0x080007e1   Thumb Code     8  stm32f10x_adc.o(.text)
    ADC_GetDualModeConversionValue           0x080007e9   Thumb Code     8  stm32f10x_adc.o(.text)
    ADC_AutoInjectedConvCmd                  0x080007f1   Thumb Code    22  stm32f10x_adc.o(.text)
    ADC_InjectedDiscModeCmd                  0x08000807   Thumb Code    22  stm32f10x_adc.o(.text)
    ADC_ExternalTrigInjectedConvConfig       0x0800081d   Thumb Code    16  stm32f10x_adc.o(.text)
    ADC_ExternalTrigInjectedConvCmd          0x0800082d   Thumb Code    22  stm32f10x_adc.o(.text)
    ADC_SoftwareStartInjectedConvCmd         0x08000843   Thumb Code    22  stm32f10x_adc.o(.text)
    ADC_GetSoftwareStartInjectedConvCmdStatus 0x08000859   Thumb Code    20  stm32f10x_adc.o(.text)
    ADC_InjectedChannelConfig                0x0800086d   Thumb Code   130  stm32f10x_adc.o(.text)
    ADC_InjectedSequencerLengthConfig        0x080008ef   Thumb Code    24  stm32f10x_adc.o(.text)
    ADC_SetInjectedOffset                    0x08000907   Thumb Code    20  stm32f10x_adc.o(.text)
    ADC_GetInjectedConversionValue           0x0800091b   Thumb Code    28  stm32f10x_adc.o(.text)
    ADC_AnalogWatchdogCmd                    0x08000937   Thumb Code    16  stm32f10x_adc.o(.text)
    ADC_AnalogWatchdogThresholdsConfig       0x08000947   Thumb Code     6  stm32f10x_adc.o(.text)
    ADC_AnalogWatchdogSingleChannelConfig    0x0800094d   Thumb Code    16  stm32f10x_adc.o(.text)
    ADC_TempSensorVrefintCmd                 0x0800095d   Thumb Code    64  stm32f10x_adc.o(.text)
    ADC_GetFlagStatus                        0x0800099d   Thumb Code    18  stm32f10x_adc.o(.text)
    ADC_ClearFlag                            0x080009af   Thumb Code     6  stm32f10x_adc.o(.text)
    ADC_GetITStatus                          0x080009b5   Thumb Code    36  stm32f10x_adc.o(.text)
    ADC_ClearITPendingBit                    0x080009d9   Thumb Code    10  stm32f10x_adc.o(.text)
    GPIO_DeInit                              0x080009e5   Thumb Code   172  stm32f10x_gpio.o(.text)
    GPIO_AFIODeInit                          0x08000a91   Thumb Code    20  stm32f10x_gpio.o(.text)
    GPIO_Init                                0x08000aa5   Thumb Code   278  stm32f10x_gpio.o(.text)
    GPIO_StructInit                          0x08000bbb   Thumb Code    16  stm32f10x_gpio.o(.text)
    GPIO_ReadInputDataBit                    0x08000bcb   Thumb Code    18  stm32f10x_gpio.o(.text)
    GPIO_ReadInputData                       0x08000bdd   Thumb Code     8  stm32f10x_gpio.o(.text)
    GPIO_ReadOutputDataBit                   0x08000be5   Thumb Code    18  stm32f10x_gpio.o(.text)
    GPIO_ReadOutputData                      0x08000bf7   Thumb Code     8  stm32f10x_gpio.o(.text)
    GPIO_SetBits                             0x08000bff   Thumb Code     4  stm32f10x_gpio.o(.text)
    GPIO_ResetBits                           0x08000c03   Thumb Code     4  stm32f10x_gpio.o(.text)
    GPIO_WriteBit                            0x08000c07   Thumb Code    10  stm32f10x_gpio.o(.text)
    GPIO_Write                               0x08000c11   Thumb Code     4  stm32f10x_gpio.o(.text)
    GPIO_PinLockConfig                       0x08000c15   Thumb Code    18  stm32f10x_gpio.o(.text)
    GPIO_EventOutputConfig                   0x08000c27   Thumb Code    26  stm32f10x_gpio.o(.text)
    GPIO_EventOutputCmd                      0x08000c41   Thumb Code     6  stm32f10x_gpio.o(.text)
    GPIO_PinRemapConfig                      0x08000c47   Thumb Code   138  stm32f10x_gpio.o(.text)
    GPIO_EXTILineConfig                      0x08000cd1   Thumb Code    66  stm32f10x_gpio.o(.text)
    GPIO_ETH_MediaInterfaceConfig            0x08000d13   Thumb Code     8  stm32f10x_gpio.o(.text)
    RCC_DeInit                               0x08000d41   Thumb Code    64  stm32f10x_rcc.o(.text)
    RCC_HSEConfig                            0x08000d81   Thumb Code    70  stm32f10x_rcc.o(.text)
    RCC_GetFlagStatus                        0x08000dc7   Thumb Code    56  stm32f10x_rcc.o(.text)
    RCC_WaitForHSEStartUp                    0x08000dff   Thumb Code    56  stm32f10x_rcc.o(.text)
    RCC_AdjustHSICalibrationValue            0x08000e37   Thumb Code    20  stm32f10x_rcc.o(.text)
    RCC_HSICmd                               0x08000e4b   Thumb Code     6  stm32f10x_rcc.o(.text)
    RCC_PLLConfig                            0x08000e51   Thumb Code    24  stm32f10x_rcc.o(.text)
    RCC_PLLCmd                               0x08000e69   Thumb Code     6  stm32f10x_rcc.o(.text)
    RCC_SYSCLKConfig                         0x08000e6f   Thumb Code    18  stm32f10x_rcc.o(.text)
    RCC_GetSYSCLKSource                      0x08000e81   Thumb Code    10  stm32f10x_rcc.o(.text)
    RCC_HCLKConfig                           0x08000e8b   Thumb Code    18  stm32f10x_rcc.o(.text)
    RCC_PCLK1Config                          0x08000e9d   Thumb Code    18  stm32f10x_rcc.o(.text)
    RCC_PCLK2Config                          0x08000eaf   Thumb Code    20  stm32f10x_rcc.o(.text)
    RCC_ITConfig                             0x08000ec3   Thumb Code    26  stm32f10x_rcc.o(.text)
    RCC_USBCLKConfig                         0x08000edd   Thumb Code     8  stm32f10x_rcc.o(.text)
    RCC_ADCCLKConfig                         0x08000ee5   Thumb Code    18  stm32f10x_rcc.o(.text)
    RCC_LSEConfig                            0x08000ef7   Thumb Code    50  stm32f10x_rcc.o(.text)
    RCC_LSICmd                               0x08000f29   Thumb Code     6  stm32f10x_rcc.o(.text)
    RCC_RTCCLKConfig                         0x08000f2f   Thumb Code    12  stm32f10x_rcc.o(.text)
    RCC_RTCCLKCmd                            0x08000f3b   Thumb Code     8  stm32f10x_rcc.o(.text)
    RCC_GetClocksFreq                        0x08000f43   Thumb Code   192  stm32f10x_rcc.o(.text)
    RCC_AHBPeriphClockCmd                    0x08001003   Thumb Code    26  stm32f10x_rcc.o(.text)
    RCC_APB2PeriphClockCmd                   0x0800101d   Thumb Code    26  stm32f10x_rcc.o(.text)
    RCC_APB1PeriphClockCmd                   0x08001037   Thumb Code    26  stm32f10x_rcc.o(.text)
    RCC_APB2PeriphResetCmd                   0x08001051   Thumb Code    26  stm32f10x_rcc.o(.text)
    RCC_APB1PeriphResetCmd                   0x0800106b   Thumb Code    26  stm32f10x_rcc.o(.text)
    RCC_BackupResetCmd                       0x08001085   Thumb Code     8  stm32f10x_rcc.o(.text)
    RCC_ClockSecuritySystemCmd               0x0800108d   Thumb Code     6  stm32f10x_rcc.o(.text)
    RCC_MCOConfig                            0x08001093   Thumb Code     6  stm32f10x_rcc.o(.text)
    RCC_ClearFlag                            0x08001099   Thumb Code    14  stm32f10x_rcc.o(.text)
    RCC_GetITStatus                          0x080010a7   Thumb Code    20  stm32f10x_rcc.o(.text)
    RCC_ClearITPendingBit                    0x080010bb   Thumb Code     6  stm32f10x_rcc.o(.text)
    TIM_DeInit                               0x080010e5   Thumb Code   424  stm32f10x_tim.o(.text)
    TIM_TimeBaseInit                         0x0800128d   Thumb Code   122  stm32f10x_tim.o(.text)
    TIM_OC1Init                              0x08001307   Thumb Code   132  stm32f10x_tim.o(.text)
    TIM_OC2Init                              0x0800138b   Thumb Code   154  stm32f10x_tim.o(.text)
    TIM_OC3Init                              0x08001425   Thumb Code   150  stm32f10x_tim.o(.text)
    TIM_OC4Init                              0x080014bb   Thumb Code   182  stm32f10x_tim.o(.text)
    TIM_SetIC4Prescaler                      0x08001571   Thumb Code    26  stm32f10x_tim.o(.text)
    TIM_SetIC3Prescaler                      0x0800160d   Thumb Code    18  stm32f10x_tim.o(.text)
    TIM_SetIC2Prescaler                      0x08001699   Thumb Code    26  stm32f10x_tim.o(.text)
    TIM_SetIC1Prescaler                      0x08001735   Thumb Code    18  stm32f10x_tim.o(.text)
    TIM_ICInit                               0x080017b3   Thumb Code   150  stm32f10x_tim.o(.text)
    TIM_PWMIConfig                           0x08001849   Thumb Code   124  stm32f10x_tim.o(.text)
    TIM_BDTRConfig                           0x080018c5   Thumb Code    32  stm32f10x_tim.o(.text)
    TIM_TimeBaseStructInit                   0x080018e5   Thumb Code    18  stm32f10x_tim.o(.text)
    TIM_OCStructInit                         0x080018f7   Thumb Code    20  stm32f10x_tim.o(.text)
    TIM_ICStructInit                         0x0800190b   Thumb Code    18  stm32f10x_tim.o(.text)
    TIM_BDTRStructInit                       0x0800191d   Thumb Code    40  stm32f10x_tim.o(.text)
    TIM_Cmd                                  0x08001945   Thumb Code    24  stm32f10x_tim.o(.text)
    TIM_CtrlPWMOutputs                       0x0800195d   Thumb Code    30  stm32f10x_tim.o(.text)
    TIM_ITConfig                             0x0800197b   Thumb Code    18  stm32f10x_tim.o(.text)
    TIM_GenerateEvent                        0x0800198d   Thumb Code     4  stm32f10x_tim.o(.text)
    TIM_DMAConfig                            0x08001991   Thumb Code    10  stm32f10x_tim.o(.text)
    TIM_DMACmd                               0x0800199b   Thumb Code    18  stm32f10x_tim.o(.text)
    TIM_InternalClockConfig                  0x080019ad   Thumb Code    12  stm32f10x_tim.o(.text)
    TIM_SelectInputTrigger                   0x080019b9   Thumb Code    18  stm32f10x_tim.o(.text)
    TIM_ITRxExternalClockConfig              0x080019cb   Thumb Code    24  stm32f10x_tim.o(.text)
    TIM_TIxExternalClockConfig               0x080019e3   Thumb Code    62  stm32f10x_tim.o(.text)
    TIM_ETRConfig                            0x08001a21   Thumb Code    28  stm32f10x_tim.o(.text)
    TIM_ETRClockMode1Config                  0x08001a3d   Thumb Code    54  stm32f10x_tim.o(.text)
    TIM_ETRClockMode2Config                  0x08001a73   Thumb Code    32  stm32f10x_tim.o(.text)
    TIM_PrescalerConfig                      0x08001a93   Thumb Code     6  stm32f10x_tim.o(.text)
    TIM_CounterModeConfig                    0x08001a99   Thumb Code    18  stm32f10x_tim.o(.text)
    TIM_EncoderInterfaceConfig               0x08001aab   Thumb Code    66  stm32f10x_tim.o(.text)
    TIM_ForcedOC1Config                      0x08001aed   Thumb Code    18  stm32f10x_tim.o(.text)
    TIM_ForcedOC2Config                      0x08001aff   Thumb Code    26  stm32f10x_tim.o(.text)
    TIM_ForcedOC3Config                      0x08001b19   Thumb Code    18  stm32f10x_tim.o(.text)
    TIM_ForcedOC4Config                      0x08001b2b   Thumb Code    26  stm32f10x_tim.o(.text)
    TIM_ARRPreloadConfig                     0x08001b45   Thumb Code    24  stm32f10x_tim.o(.text)
    TIM_SelectCOM                            0x08001b5d   Thumb Code    24  stm32f10x_tim.o(.text)
    TIM_SelectCCDMA                          0x08001b75   Thumb Code    24  stm32f10x_tim.o(.text)
    TIM_CCPreloadControl                     0x08001b8d   Thumb Code    24  stm32f10x_tim.o(.text)
    TIM_OC1PreloadConfig                     0x08001ba5   Thumb Code    18  stm32f10x_tim.o(.text)
    TIM_OC2PreloadConfig                     0x08001bb7   Thumb Code    26  stm32f10x_tim.o(.text)
    TIM_OC3PreloadConfig                     0x08001bd1   Thumb Code    18  stm32f10x_tim.o(.text)
    TIM_OC4PreloadConfig                     0x08001be3   Thumb Code    26  stm32f10x_tim.o(.text)
    TIM_OC1FastConfig                        0x08001bfd   Thumb Code    18  stm32f10x_tim.o(.text)
    TIM_OC2FastConfig                        0x08001c0f   Thumb Code    26  stm32f10x_tim.o(.text)
    TIM_OC3FastConfig                        0x08001c29   Thumb Code    18  stm32f10x_tim.o(.text)
    TIM_OC4FastConfig                        0x08001c3b   Thumb Code    26  stm32f10x_tim.o(.text)
    TIM_ClearOC1Ref                          0x08001c55   Thumb Code    18  stm32f10x_tim.o(.text)
    TIM_ClearOC2Ref                          0x08001c67   Thumb Code    24  stm32f10x_tim.o(.text)
    TIM_ClearOC3Ref                          0x08001c7f   Thumb Code    18  stm32f10x_tim.o(.text)
    TIM_ClearOC4Ref                          0x08001c91   Thumb Code    24  stm32f10x_tim.o(.text)
    TIM_OC1PolarityConfig                    0x08001ca9   Thumb Code    18  stm32f10x_tim.o(.text)
    TIM_OC1NPolarityConfig                   0x08001cbb   Thumb Code    18  stm32f10x_tim.o(.text)
    TIM_OC2PolarityConfig                    0x08001ccd   Thumb Code    26  stm32f10x_tim.o(.text)
    TIM_OC2NPolarityConfig                   0x08001ce7   Thumb Code    26  stm32f10x_tim.o(.text)
    TIM_OC3PolarityConfig                    0x08001d01   Thumb Code    26  stm32f10x_tim.o(.text)
    TIM_OC3NPolarityConfig                   0x08001d1b   Thumb Code    26  stm32f10x_tim.o(.text)
    TIM_OC4PolarityConfig                    0x08001d35   Thumb Code    26  stm32f10x_tim.o(.text)
    TIM_CCxCmd                               0x08001d4f   Thumb Code    30  stm32f10x_tim.o(.text)
    TIM_CCxNCmd                              0x08001d6d   Thumb Code    30  stm32f10x_tim.o(.text)
    TIM_SelectOCxM                           0x08001d8b   Thumb Code    82  stm32f10x_tim.o(.text)
    TIM_UpdateDisableConfig                  0x08001ddd   Thumb Code    24  stm32f10x_tim.o(.text)
    TIM_UpdateRequestConfig                  0x08001df5   Thumb Code    24  stm32f10x_tim.o(.text)
    TIM_SelectHallSensor                     0x08001e0d   Thumb Code    24  stm32f10x_tim.o(.text)
    TIM_SelectOnePulseMode                   0x08001e25   Thumb Code    18  stm32f10x_tim.o(.text)
    TIM_SelectOutputTrigger                  0x08001e37   Thumb Code    18  stm32f10x_tim.o(.text)
    TIM_SelectSlaveMode                      0x08001e49   Thumb Code    18  stm32f10x_tim.o(.text)
    TIM_SelectMasterSlaveMode                0x08001e5b   Thumb Code    18  stm32f10x_tim.o(.text)
    TIM_SetCounter                           0x08001e6d   Thumb Code     4  stm32f10x_tim.o(.text)
    TIM_SetAutoreload                        0x08001e71   Thumb Code     4  stm32f10x_tim.o(.text)
    TIM_SetCompare1                          0x08001e75   Thumb Code     4  stm32f10x_tim.o(.text)
    TIM_SetCompare2                          0x08001e79   Thumb Code     4  stm32f10x_tim.o(.text)
    TIM_SetCompare3                          0x08001e7d   Thumb Code     4  stm32f10x_tim.o(.text)
    TIM_SetCompare4                          0x08001e81   Thumb Code     6  stm32f10x_tim.o(.text)
    TIM_SetClockDivision                     0x08001e87   Thumb Code    18  stm32f10x_tim.o(.text)
    TIM_GetCapture1                          0x08001e99   Thumb Code     6  stm32f10x_tim.o(.text)
    TIM_GetCapture2                          0x08001e9f   Thumb Code     6  stm32f10x_tim.o(.text)
    TIM_GetCapture3                          0x08001ea5   Thumb Code     6  stm32f10x_tim.o(.text)
    TIM_GetCapture4                          0x08001eab   Thumb Code     8  stm32f10x_tim.o(.text)
    TIM_GetCounter                           0x08001eb3   Thumb Code     6  stm32f10x_tim.o(.text)
    TIM_GetPrescaler                         0x08001eb9   Thumb Code     6  stm32f10x_tim.o(.text)
    TIM_GetFlagStatus                        0x08001ebf   Thumb Code    18  stm32f10x_tim.o(.text)
    TIM_ClearFlag                            0x08001ed1   Thumb Code     6  stm32f10x_tim.o(.text)
    TIM_GetITStatus                          0x08001ed7   Thumb Code    34  stm32f10x_tim.o(.text)
    TIM_ClearITPendingBit                    0x08001ef9   Thumb Code     6  stm32f10x_tim.o(.text)
    USART_DeInit                             0x08001f01   Thumb Code   134  stm32f10x_usart.o(.text)
    USART_Init                               0x08001f87   Thumb Code   210  stm32f10x_usart.o(.text)
    USART_StructInit                         0x08002059   Thumb Code    24  stm32f10x_usart.o(.text)
    USART_ClockInit                          0x08002071   Thumb Code    34  stm32f10x_usart.o(.text)
    USART_ClockStructInit                    0x08002093   Thumb Code    12  stm32f10x_usart.o(.text)
    USART_Cmd                                0x0800209f   Thumb Code    24  stm32f10x_usart.o(.text)
    USART_ITConfig                           0x080020b7   Thumb Code    74  stm32f10x_usart.o(.text)
    USART_DMACmd                             0x08002101   Thumb Code    18  stm32f10x_usart.o(.text)
    USART_SetAddress                         0x08002113   Thumb Code    18  stm32f10x_usart.o(.text)
    USART_WakeUpConfig                       0x08002125   Thumb Code    18  stm32f10x_usart.o(.text)
    USART_ReceiverWakeUpCmd                  0x08002137   Thumb Code    24  stm32f10x_usart.o(.text)
    USART_LINBreakDetectLengthConfig         0x0800214f   Thumb Code    18  stm32f10x_usart.o(.text)
    USART_LINCmd                             0x08002161   Thumb Code    24  stm32f10x_usart.o(.text)
    USART_SendData                           0x08002179   Thumb Code     8  stm32f10x_usart.o(.text)
    USART_ReceiveData                        0x08002181   Thumb Code    10  stm32f10x_usart.o(.text)
    USART_SendBreak                          0x0800218b   Thumb Code    10  stm32f10x_usart.o(.text)
    USART_SetGuardTime                       0x08002195   Thumb Code    16  stm32f10x_usart.o(.text)
    USART_SetPrescaler                       0x080021a5   Thumb Code    16  stm32f10x_usart.o(.text)
    USART_SmartCardCmd                       0x080021b5   Thumb Code    24  stm32f10x_usart.o(.text)
    USART_SmartCardNACKCmd                   0x080021cd   Thumb Code    24  stm32f10x_usart.o(.text)
    USART_HalfDuplexCmd                      0x080021e5   Thumb Code    24  stm32f10x_usart.o(.text)
    USART_OverSampling8Cmd                   0x080021fd   Thumb Code    22  stm32f10x_usart.o(.text)
    USART_OneBitMethodCmd                    0x08002213   Thumb Code    24  stm32f10x_usart.o(.text)
    USART_IrDAConfig                         0x0800222b   Thumb Code    18  stm32f10x_usart.o(.text)
    USART_IrDACmd                            0x0800223d   Thumb Code    24  stm32f10x_usart.o(.text)
    USART_GetFlagStatus                      0x08002255   Thumb Code    26  stm32f10x_usart.o(.text)
    USART_ClearFlag                          0x0800226f   Thumb Code    18  stm32f10x_usart.o(.text)
    USART_GetITStatus                        0x08002281   Thumb Code    84  stm32f10x_usart.o(.text)
    USART_ClearITPendingBit                  0x080022d5   Thumb Code    52  stm32f10x_usart.o(.text)
    Button_Init                              0x08002309   Thumb Code    46  key.o(.text)
    Button_Chek                              0x08002337   Thumb Code    94  key.o(.text)
    Button_Ack_Start                         0x08002395   Thumb Code    72  key.o(.text)
    Wating_Param                             0x080023dd   Thumb Code   398  key.o(.text)
    Wating_Tap_Start                         0x0800256b   Thumb Code   174  key.o(.text)
    Wating_Param_Turn                        0x08002619   Thumb Code   494  key.o(.text)
    OLED_I2C_Init                            0x08002811   Thumb Code    76  oled.o(.text)
    OLED_I2C_Start                           0x0800285d   Thumb Code    48  oled.o(.text)
    OLED_I2C_Stop                            0x0800288d   Thumb Code    36  oled.o(.text)
    OLED_I2C_SendByte                        0x080028b1   Thumb Code    88  oled.o(.text)
    OLED_WriteCommand                        0x08002909   Thumb Code    32  oled.o(.text)
    OLED_WriteData                           0x08002929   Thumb Code    32  oled.o(.text)
    OLED_SetCursor                           0x08002949   Thumb Code    34  oled.o(.text)
    OLED_Clear                               0x0800296b   Thumb Code    42  oled.o(.text)
    OLED_ShowChar                            0x08002995   Thumb Code   110  oled.o(.text)
    OLED_ShowString                          0x08002a03   Thumb Code    40  oled.o(.text)
    OLED_Pow                                 0x08002a2b   Thumb Code    20  oled.o(.text)
    OLED_ShowNum                             0x08002a3f   Thumb Code    68  oled.o(.text)
    OLED_ShowSignedNum                       0x08002a83   Thumb Code   102  oled.o(.text)
    OLED_ShowHexNum                          0x08002ae9   Thumb Code    84  oled.o(.text)
    OLED_ShowBinNum                          0x08002b3d   Thumb Code    62  oled.o(.text)
    OLED_Init                                0x08002b7b   Thumb Code   182  oled.o(.text)
    PWM_Init                                 0x08002c31   Thumb Code   160  pwm.o(.text)
    Motor_Init                               0x08002cd9   Thumb Code    40  motor.o(.text)
    Motor_Speed_Left                         0x08002d01   Thumb Code    72  motor.o(.text)
    Motor_Speed_Right                        0x08002d49   Thumb Code    72  motor.o(.text)
    Motor_Forward                            0x08002d91   Thumb Code    18  motor.o(.text)
    Motor_Control                            0x08002da3   Thumb Code    88  motor.o(.text)
    Motor_Stop                               0x08002dfb   Thumb Code    16  motor.o(.text)
    BUZZER_Init                              0x08002e15   Thumb Code    38  buzzer.o(.text)
    BUZZER_OFF                               0x08002e3b   Thumb Code    12  buzzer.o(.text)
    BUZZER_ON                                0x08002e47   Thumb Code    12  buzzer.o(.text)
    AD_Init                                  0x08002e59   Thumb Code   150  ad.o(.text)
    AD_GetValue                              0x08002eef   Thumb Code    32  ad.o(.text)
    USART1_Config                            0x08002f19   Thumb Code   164  usart1.o(.text)
    Serial_SendByte                          0x08002fbd   Thumb Code    28  usart1.o(.text)
    Serial_SendArray                         0x08002fd9   Thumb Code    26  usart1.o(.text)
    Serial_SendString                        0x08002ff3   Thumb Code    26  usart1.o(.text)
    Serial_Pow                               0x0800300d   Thumb Code    20  usart1.o(.text)
    Serial_SendNumber                        0x08003021   Thumb Code    58  usart1.o(.text)
    Serial_SendPacket                        0x0800305b   Thumb Code    24  usart1.o(.text)
    Serial_GetRxFlag                         0x08003073   Thumb Code    22  usart1.o(.text)
    USART1_IRQHandler                        0x08003089   Thumb Code   128  usart1.o(.text)
    PID                                      0x08003125   Thumb Code   804  pid.o(.text)
    TIM4_Init                                0x080034c9   Thumb Code   102  tim4.o(.text)
    TIM4_IRQHandler                          0x0800352f   Thumb Code    38  tim4.o(.text)
    Bluetooth_Control                        0x08003561   Thumb Code    86  bluetooth_control.o(.text)
    angle_diff                               0x080035c1   Thumb Code    62  mode_control.o(.text)
    Mode_Triangle                            0x080035ff   Thumb Code   798  mode_control.o(.text)
    Mode_Rectangle                           0x0800391d   Thumb Code  1222  mode_control.o(.text)
    main                                     0x08003e25   Thumb Code   500  main.o(.text)
    NMI_Handler                              0x080040b9   Thumb Code     2  stm32f10x_it.o(.text)
    HardFault_Handler                        0x080040bb   Thumb Code     4  stm32f10x_it.o(.text)
    MemManage_Handler                        0x080040bf   Thumb Code     4  stm32f10x_it.o(.text)
    BusFault_Handler                         0x080040c3   Thumb Code     4  stm32f10x_it.o(.text)
    UsageFault_Handler                       0x080040c7   Thumb Code     4  stm32f10x_it.o(.text)
    SVC_Handler                              0x080040cb   Thumb Code     2  stm32f10x_it.o(.text)
    DebugMon_Handler                         0x080040cd   Thumb Code     2  stm32f10x_it.o(.text)
    PendSV_Handler                           0x080040cf   Thumb Code     2  stm32f10x_it.o(.text)
    SysTick_Handler                          0x080040d1   Thumb Code     2  stm32f10x_it.o(.text)
    mpu_reg_dump                             0x0800415f   Thumb Code    84  inv_mpu.o(.text)
    mpu_read_reg                             0x080041b3   Thumb Code    66  inv_mpu.o(.text)
    mpu_set_int_latched                      0x080041f5   Thumb Code   102  inv_mpu.o(.text)
    mpu_set_sensors                          0x0800425b   Thumb Code   202  inv_mpu.o(.text)
    mpu_set_bypass                           0x08004325   Thumb Code   328  inv_mpu.o(.text)
    mpu_reset_fifo                           0x0800446d   Thumb Code   472  inv_mpu.o(.text)
    mpu_configure_fifo                       0x08004645   Thumb Code   106  inv_mpu.o(.text)
    mpu_set_lpf                              0x080046af   Thumb Code   126  inv_mpu.o(.text)
    mpu_lp_accel_mode                        0x0800472d   Thumb Code   218  inv_mpu.o(.text)
    mpu_set_sample_rate                      0x08004807   Thumb Code   152  inv_mpu.o(.text)
    mpu_set_accel_fsr                        0x0800489f   Thumb Code   132  inv_mpu.o(.text)
    mpu_set_gyro_fsr                         0x08004923   Thumb Code   132  inv_mpu.o(.text)
    mpu_init                                 0x080049a7   Thumb Code   416  inv_mpu.o(.text)
    mget_ms                                  0x08004b47   Thumb Code     2  inv_mpu.o(.text)
    mpu_get_gyro_reg                         0x08004b49   Thumb Code   110  inv_mpu.o(.text)
    mpu_get_accel_reg                        0x08004bb7   Thumb Code   110  inv_mpu.o(.text)
    mpu_get_temperature                      0x08004c25   Thumb Code   150  inv_mpu.o(.text)
    mpu_set_accel_bias                       0x08004cbb   Thumb Code   468  inv_mpu.o(.text)
    mpu_get_gyro_fsr                         0x08004e8f   Thumb Code    64  inv_mpu.o(.text)
    mpu_get_accel_fsr                        0x08004ecf   Thumb Code    72  inv_mpu.o(.text)
    mpu_get_lpf                              0x08004f17   Thumb Code    74  inv_mpu.o(.text)
    mpu_get_sample_rate                      0x08004f61   Thumb Code    26  inv_mpu.o(.text)
    mpu_get_compass_sample_rate              0x08004f7b   Thumb Code    10  inv_mpu.o(.text)
    mpu_set_compass_sample_rate              0x08004f85   Thumb Code     8  inv_mpu.o(.text)
    mpu_get_gyro_sens                        0x08004f8d   Thumb Code    58  inv_mpu.o(.text)
    mpu_get_accel_sens                       0x08004fc7   Thumb Code    78  inv_mpu.o(.text)
    mpu_get_fifo_config                      0x08005015   Thumb Code    12  inv_mpu.o(.text)
    mpu_get_power_state                      0x08005021   Thumb Code    22  inv_mpu.o(.text)
    mpu_get_int_status                       0x08005037   Thumb Code    64  inv_mpu.o(.text)
    mpu_read_fifo                            0x08005077   Thumb Code   520  inv_mpu.o(.text)
    mpu_read_fifo_stream                     0x0800527f   Thumb Code   186  inv_mpu.o(.text)
    mpu_set_int_level                        0x08005339   Thumb Code    12  inv_mpu.o(.text)
    mpu_set_dmp_state                        0x08005a19   Thumb Code   138  inv_mpu.o(.text)
    mpu_run_self_test                        0x08005aa3   Thumb Code   278  inv_mpu.o(.text)
    mpu_write_mem                            0x08005bb9   Thumb Code   122  inv_mpu.o(.text)
    mpu_read_mem                             0x08005c33   Thumb Code   122  inv_mpu.o(.text)
    mpu_load_firmware                        0x08005cad   Thumb Code   190  inv_mpu.o(.text)
    mpu_get_dmp_state                        0x08005d6b   Thumb Code    14  inv_mpu.o(.text)
    setup_compass                            0x08005d79   Thumb Code     6  inv_mpu.o(.text)
    mpu_get_compass_reg                      0x08005d7f   Thumb Code     8  inv_mpu.o(.text)
    mpu_get_compass_fsr                      0x08005d87   Thumb Code     8  inv_mpu.o(.text)
    mpu_lp_motion_interrupt                  0x08005d8f   Thumb Code   512  inv_mpu.o(.text)
    run_self_test                            0x08005f8f   Thumb Code   148  inv_mpu.o(.text)
    inv_row_2_scale                          0x08006023   Thumb Code    78  inv_mpu.o(.text)
    inv_orientation_matrix_to_scalar         0x08006071   Thumb Code    40  inv_mpu.o(.text)
    mpu_dmp_init                             0x08006099   Thumb Code   148  inv_mpu.o(.text)
    mpu_dmp_get_data                         0x0800612d   Thumb Code   574  inv_mpu.o(.text)
    dmp_load_motion_driver_firmware          0x0800637d   Thumb Code    20  inv_mpu_dmp_motion_driver.o(.text)
    dmp_set_orientation                      0x08006391   Thumb Code   290  inv_mpu_dmp_motion_driver.o(.text)
    dmp_set_gyro_bias                        0x080064b3   Thumb Code   294  inv_mpu_dmp_motion_driver.o(.text)
    dmp_set_accel_bias                       0x080065d9   Thumb Code   300  inv_mpu_dmp_motion_driver.o(.text)
    dmp_set_fifo_rate                        0x08006705   Thumb Code   136  inv_mpu_dmp_motion_driver.o(.text)
    dmp_get_fifo_rate                        0x0800678d   Thumb Code    12  inv_mpu_dmp_motion_driver.o(.text)
    dmp_set_tap_thresh                       0x08006799   Thumb Code   396  inv_mpu_dmp_motion_driver.o(.text)
    dmp_set_tap_axes                         0x08006925   Thumb Code    70  inv_mpu_dmp_motion_driver.o(.text)
    dmp_set_tap_count                        0x0800696b   Thumb Code    38  inv_mpu_dmp_motion_driver.o(.text)
    dmp_set_tap_time                         0x08006991   Thumb Code    38  inv_mpu_dmp_motion_driver.o(.text)
    dmp_set_tap_time_multi                   0x080069b7   Thumb Code    38  inv_mpu_dmp_motion_driver.o(.text)
    dmp_set_shake_reject_thresh              0x080069dd   Thumb Code    56  inv_mpu_dmp_motion_driver.o(.text)
    dmp_set_shake_reject_time                0x08006a15   Thumb Code    38  inv_mpu_dmp_motion_driver.o(.text)
    dmp_set_shake_reject_timeout             0x08006a3b   Thumb Code    38  inv_mpu_dmp_motion_driver.o(.text)
    dmp_get_pedometer_step_count             0x08006a61   Thumb Code    66  inv_mpu_dmp_motion_driver.o(.text)
    dmp_set_pedometer_step_count             0x08006aa3   Thumb Code    42  inv_mpu_dmp_motion_driver.o(.text)
    dmp_get_pedometer_walk_time              0x08006acd   Thumb Code    72  inv_mpu_dmp_motion_driver.o(.text)
    dmp_set_pedometer_walk_time              0x08006b15   Thumb Code    48  inv_mpu_dmp_motion_driver.o(.text)
    dmp_enable_6x_lp_quat                    0x08006b45   Thumb Code    84  inv_mpu_dmp_motion_driver.o(.text)
    dmp_enable_lp_quat                       0x08006b99   Thumb Code    60  inv_mpu_dmp_motion_driver.o(.text)
    dmp_enable_gyro_cal                      0x08006bd5   Thumb Code    62  inv_mpu_dmp_motion_driver.o(.text)
    dmp_enable_feature                       0x08006c13   Thumb Code   530  inv_mpu_dmp_motion_driver.o(.text)
    dmp_get_enabled_features                 0x08006e25   Thumb Code    12  inv_mpu_dmp_motion_driver.o(.text)
    dmp_set_interrupt_mode                   0x08006e8f   Thumb Code    66  inv_mpu_dmp_motion_driver.o(.text)
    dmp_read_fifo                            0x08006ed1   Thumb Code   514  inv_mpu_dmp_motion_driver.o(.text)
    dmp_register_tap_cb                      0x080070d3   Thumb Code    10  inv_mpu_dmp_motion_driver.o(.text)
    dmp_register_android_orient_cb           0x080070dd   Thumb Code    10  inv_mpu_dmp_motion_driver.o(.text)
    MPU_Write_Byte                           0x080070ed   Thumb Code    68  mpu6050_1.o(.text)
    MPU_Set_LPF                              0x08007131   Thumb Code    58  mpu6050_1.o(.text)
    MPU_Set_Rate                             0x0800716b   Thumb Code    58  mpu6050_1.o(.text)
    MPU_Read_Byte                            0x080071a5   Thumb Code    58  mpu6050_1.o(.text)
    MPU_Set_Accel_Fsr                        0x080071df   Thumb Code    16  mpu6050_1.o(.text)
    MPU_Set_Gyro_Fsr                         0x080071ef   Thumb Code    16  mpu6050_1.o(.text)
    MPU_Init                                 0x080071ff   Thumb Code   122  mpu6050_1.o(.text)
    MPU_Read_Len                             0x08007279   Thumb Code   116  mpu6050_1.o(.text)
    MPU_Get_Temperature                      0x080072ed   Thumb Code    86  mpu6050_1.o(.text)
    MPU_Get_Gyroscope                        0x08007343   Thumb Code    80  mpu6050_1.o(.text)
    MPU_Get_Accelerometer                    0x08007393   Thumb Code    80  mpu6050_1.o(.text)
    MPU_Write_Len                            0x080073e3   Thumb Code    96  mpu6050_1.o(.text)
    MPU_IIC_Delay                            0x08007455   Thumb Code    10  mpuiic.o(.text)
    MPU_IIC_Init                             0x0800745f   Thumb Code    40  mpuiic.o(.text)
    MPU6050_IIC_SDA_IO_OUT                   0x08007487   Thumb Code    40  mpuiic.o(.text)
    MPU6050_IIC_SDA_IO_IN                    0x080074af   Thumb Code    40  mpuiic.o(.text)
    MPU_IIC_Start                            0x080074d7   Thumb Code    42  mpuiic.o(.text)
    MPU_IIC_Stop                             0x08007501   Thumb Code    44  mpuiic.o(.text)
    MPU_IIC_Wait_Ack                         0x0800752d   Thumb Code    68  mpuiic.o(.text)
    MPU_IIC_Ack                              0x08007571   Thumb Code    48  mpuiic.o(.text)
    MPU_IIC_NAck                             0x080075a1   Thumb Code    48  mpuiic.o(.text)
    MPU_IIC_Send_Byte                        0x080075d1   Thumb Code    64  mpuiic.o(.text)
    MPU_IIC_Read_Byte                        0x08007611   Thumb Code    78  mpuiic.o(.text)
    __use_no_semihosting                     0x0800766d   Thumb Code     2  use_no_semi_2.o(.text)
    __aeabi_ldivmod                          0x0800766f   Thumb Code     0  llsdiv.o(.text)
    _ll_sdiv                                 0x0800766f   Thumb Code    72  llsdiv.o(.text)
    __2printf                                0x080076b9   Thumb Code    20  noretval__2printf.o(.text)
    _printf_pre_padding                      0x080076d1   Thumb Code    44  _printf_pad.o(.text)
    _printf_post_padding                     0x080076fd   Thumb Code    34  _printf_pad.o(.text)
    _printf_int_dec                          0x08007721   Thumb Code   104  _printf_dec.o(.text)
    _printf_int_hex                          0x08007799   Thumb Code    84  _printf_hex_int.o(.text)
    _printf_longlong_hex                     0x08007799   Thumb Code     0  _printf_hex_int.o(.text)
    __printf                                 0x080077f1   Thumb Code   308  __printf_flags_wp.o(.text)
    memcmp                                   0x08007929   Thumb Code    88  memcmp.o(.text)
    __aeabi_memset                           0x08007981   Thumb Code    16  aeabi_memset.o(.text)
    __use_two_region_memory                  0x08007991   Thumb Code     2  heapauxi.o(.text)
    __rt_heap_escrow$2region                 0x08007993   Thumb Code     2  heapauxi.o(.text)
    __rt_heap_expand$2region                 0x08007995   Thumb Code     2  heapauxi.o(.text)
    __I$use$semihosting                      0x08007997   Thumb Code     0  use_no_semi.o(.text)
    __use_no_semihosting_swi                 0x08007997   Thumb Code     2  use_no_semi.o(.text)
    __aeabi_uldivmod                         0x08007999   Thumb Code     0  lludivv7m.o(.text)
    _ll_udiv                                 0x08007999   Thumb Code   238  lludivv7m.o(.text)
    __read_errno                             0x08007a87   Thumb Code    10  _rserrno.o(.text)
    __set_errno                              0x08007a91   Thumb Code    12  _rserrno.o(.text)
    _printf_int_common                       0x08007a9d   Thumb Code   178  _printf_intcommon.o(.text)
    _printf_char_file                        0x08007b51   Thumb Code    32  _printf_char_file.o(.text)
    __aeabi_memclr                           0x08007b75   Thumb Code     0  rt_memclr.o(.text)
    __rt_memclr                              0x08007b75   Thumb Code    68  rt_memclr.o(.text)
    _memset                                  0x08007b79   Thumb Code     0  rt_memclr.o(.text)
    __aeabi_errno_addr                       0x08007bb9   Thumb Code     8  rt_errno_addr_intlibspace.o(.text)
    __errno$intlibspace                      0x08007bb9   Thumb Code     0  rt_errno_addr_intlibspace.o(.text)
    __rt_errno_addr$intlibspace              0x08007bb9   Thumb Code     0  rt_errno_addr_intlibspace.o(.text)
    _printf_char_common                      0x08007bcb   Thumb Code    32  _printf_char_common.o(.text)
    ferror                                   0x08007bf1   Thumb Code     8  ferror.o(.text)
    __aeabi_memclr4                          0x08007bf9   Thumb Code     0  rt_memclr_w.o(.text)
    __aeabi_memclr8                          0x08007bf9   Thumb Code     0  rt_memclr_w.o(.text)
    __rt_memclr_w                            0x08007bf9   Thumb Code    78  rt_memclr_w.o(.text)
    _memset_w                                0x08007bfd   Thumb Code     0  rt_memclr_w.o(.text)
    __user_libspace                          0x08007c49   Thumb Code     8  libspace.o(.text)
    __user_perproc_libspace                  0x08007c49   Thumb Code     0  libspace.o(.text)
    __user_perthread_libspace                0x08007c49   Thumb Code     0  libspace.o(.text)
    __user_setup_stackheap                   0x08007c51   Thumb Code    74  sys_stackheap_outer.o(.text)
    exit                                     0x08007c9b   Thumb Code    18  exit.o(.text)
    __ARM_fpclassify                         0x08007cad   Thumb Code    40  fpclassify.o(i.__ARM_fpclassify)
    __kernel_poly                            0x08007cd5   Thumb Code   170  poly.o(i.__kernel_poly)
    __mathlib_dbl_infnan                     0x08007d7f   Thumb Code     6  dunder.o(i.__mathlib_dbl_infnan)
    __mathlib_dbl_infnan2                    0x08007d85   Thumb Code     4  dunder.o(i.__mathlib_dbl_infnan2)
    __mathlib_dbl_invalid                    0x08007d89   Thumb Code    12  dunder.o(i.__mathlib_dbl_invalid)
    __mathlib_dbl_underflow                  0x08007d95   Thumb Code    10  dunder.o(i.__mathlib_dbl_underflow)
    _is_digit                                0x08007da5   Thumb Code    14  __printf_wp.o(i._is_digit)
    asin                                     0x08007db5   Thumb Code   572  asin.o(i.asin)
    atan                                     0x08008025   Thumb Code   474  atan.o(i.atan)
    atan2                                    0x08008245   Thumb Code   346  atan2.o(i.atan2)
    sqrt                                     0x080083c5   Thumb Code    76  sqrt.o(i.sqrt)
    __aeabi_d2f                              0x08008411   Thumb Code     0  d2f.o(x$fpl$d2f)
    _d2f                                     0x08008411   Thumb Code    98  d2f.o(x$fpl$d2f)
    __aeabi_dadd                             0x08008475   Thumb Code     0  daddsub_clz.o(x$fpl$dadd)
    _dadd                                    0x08008475   Thumb Code   332  daddsub_clz.o(x$fpl$dadd)
    __fpl_dcheck_NaN1                        0x080085c5   Thumb Code    10  dcheck1.o(x$fpl$dcheck1)
    __fpl_dcmp_Inf                           0x080085d5   Thumb Code    24  dcmpi.o(x$fpl$dcmpinf)
    __aeabi_ddiv                             0x080085ed   Thumb Code     0  ddiv.o(x$fpl$ddiv)
    _ddiv                                    0x080085ed   Thumb Code   552  ddiv.o(x$fpl$ddiv)
    __aeabi_d2uiz                            0x0800889d   Thumb Code     0  dfixu.o(x$fpl$dfixu)
    _dfixu                                   0x0800889d   Thumb Code    90  dfixu.o(x$fpl$dfixu)
    __aeabi_i2d                              0x080088f7   Thumb Code     0  dflt_clz.o(x$fpl$dflt)
    _dflt                                    0x080088f7   Thumb Code    46  dflt_clz.o(x$fpl$dflt)
    __aeabi_cdcmple                          0x08008925   Thumb Code     0  dleqf.o(x$fpl$dleqf)
    _dcmple                                  0x08008925   Thumb Code   120  dleqf.o(x$fpl$dleqf)
    __fpl_dcmple_InfNaN                      0x08008987   Thumb Code     0  dleqf.o(x$fpl$dleqf)
    __aeabi_dmul                             0x0800899d   Thumb Code     0  dmul.o(x$fpl$dmul)
    _dmul                                    0x0800899d   Thumb Code   332  dmul.o(x$fpl$dmul)
    __fpl_dnaninf                            0x08008af1   Thumb Code   156  dnaninf.o(x$fpl$dnaninf)
    __fpl_dretinf                            0x08008b8d   Thumb Code    12  dretinf.o(x$fpl$dretinf)
    __aeabi_cdrcmple                         0x08008b99   Thumb Code     0  drleqf.o(x$fpl$drleqf)
    _drcmple                                 0x08008b99   Thumb Code   108  drleqf.o(x$fpl$drleqf)
    __aeabi_drsub                            0x08008c05   Thumb Code     0  daddsub_clz.o(x$fpl$drsb)
    _drsb                                    0x08008c05   Thumb Code    22  daddsub_clz.o(x$fpl$drsb)
    _dsqrt                                   0x08008c1d   Thumb Code   456  dsqrt_noumaal.o(x$fpl$dsqrt)
    __aeabi_dsub                             0x08008de9   Thumb Code     0  daddsub_clz.o(x$fpl$dsub)
    _dsub                                    0x08008de9   Thumb Code   464  daddsub_clz.o(x$fpl$dsub)
    __aeabi_f2d                              0x08008fbd   Thumb Code     0  f2d.o(x$fpl$f2d)
    _f2d                                     0x08008fbd   Thumb Code    86  f2d.o(x$fpl$f2d)
    __aeabi_fadd                             0x08009015   Thumb Code     0  faddsub_clz.o(x$fpl$fadd)
    _fadd                                    0x08009015   Thumb Code   196  faddsub_clz.o(x$fpl$fadd)
    __fpl_fcmp_Inf                           0x080090d9   Thumb Code    24  fcmpi.o(x$fpl$fcmpinf)
    __aeabi_fdiv                             0x080090f1   Thumb Code     0  fdiv.o(x$fpl$fdiv)
    _fdiv                                    0x080090f1   Thumb Code   384  fdiv.o(x$fpl$fdiv)
    __aeabi_cfcmpeq                          0x08009275   Thumb Code     0  feqf.o(x$fpl$feqf)
    _fcmpeq                                  0x08009275   Thumb Code   104  feqf.o(x$fpl$feqf)
    __aeabi_f2iz                             0x080092dd   Thumb Code     0  ffix.o(x$fpl$ffix)
    _ffix                                    0x080092dd   Thumb Code    54  ffix.o(x$fpl$ffix)
    __aeabi_f2uiz                            0x08009315   Thumb Code     0  ffixu.o(x$fpl$ffixu)
    _ffixu                                   0x08009315   Thumb Code    62  ffixu.o(x$fpl$ffixu)
    __aeabi_i2f                              0x08009355   Thumb Code     0  fflt_clz.o(x$fpl$fflt)
    _fflt                                    0x08009355   Thumb Code    48  fflt_clz.o(x$fpl$fflt)
    __aeabi_ui2f                             0x08009385   Thumb Code     0  fflt_clz.o(x$fpl$ffltu)
    _ffltu                                   0x08009385   Thumb Code    38  fflt_clz.o(x$fpl$ffltu)
    __aeabi_cfcmple                          0x080093ad   Thumb Code     0  fleqf.o(x$fpl$fleqf)
    _fcmple                                  0x080093ad   Thumb Code   104  fleqf.o(x$fpl$fleqf)
    __fpl_fcmple_InfNaN                      0x080093ff   Thumb Code     0  fleqf.o(x$fpl$fleqf)
    __aeabi_fmul                             0x08009415   Thumb Code     0  fmul.o(x$fpl$fmul)
    _fmul                                    0x08009415   Thumb Code   258  fmul.o(x$fpl$fmul)
    __fpl_fnaninf                            0x08009517   Thumb Code   140  fnaninf.o(x$fpl$fnaninf)
    __fpl_fretinf                            0x080095a3   Thumb Code    10  fretinf.o(x$fpl$fretinf)
    __aeabi_cfrcmple                         0x080095ad   Thumb Code     0  frleqf.o(x$fpl$frleqf)
    _frcmple                                 0x080095ad   Thumb Code    98  frleqf.o(x$fpl$frleqf)
    __aeabi_fsub                             0x08009611   Thumb Code     0  faddsub_clz.o(x$fpl$fsub)
    _fsub                                    0x08009611   Thumb Code   234  faddsub_clz.o(x$fpl$fsub)
    __fpl_return_NaN                         0x080096fb   Thumb Code   100  retnan.o(x$fpl$retnan)
    __ARM_scalbn                             0x0800975f   Thumb Code    92  scalbn.o(x$fpl$scalbn)
    __fpl_cmpreturn                          0x080097bb   Thumb Code    48  trapv.o(x$fpl$trapveneer)
    OLED_F8x16                               0x080097ea   Data        1520  oled.o(.constdata)
    __I$use$fp                               0x080097ea   Number         0  usenofp.o(x$fpl$usenofp)
    reg                                      0x08009ddc   Data          27  inv_mpu.o(.constdata)
    hw                                       0x08009df8   Data          12  inv_mpu.o(.constdata)
    test                                     0x08009e04   Data          40  inv_mpu.o(.constdata)
    __mathlib_zero                           0x0800ab48   Data           8  qnan.o(.constdata)
    Region$$Table$$Base                      0x0800aba0   Number         0  anon$$obj.o(Region$$Table)
    Region$$Table$$Limit                     0x0800abc0   Number         0  anon$$obj.o(Region$$Table)
    SystemCoreClock                          0x20000000   Data           4  system_stm32f10x.o(.data)
    AHBPrescTable                            0x20000004   Data          16  system_stm32f10x.o(.data)
    __stdout                                 0x20000014   Data           4  usart.o(.data)
    USART_RX_STA                             0x20000018   Data           1  usart.o(.data)
    State                                    0x20000030   Data           2  key.o(.data)
    Button_Flag_Mode                         0x20000034   Data           4  key.o(.data)
    Button_NUM                               0x20000038   Data           2  key.o(.data)
    Button_Flag                              0x2000003a   Data           2  key.o(.data)
    Button_Chek_On_Off                       0x2000003c   Data           2  key.o(.data)
    Serial_RxFlag                            0x20000040   Data           2  usart1.o(.data)
    RX                                       0x20000042   Data           2  usart1.o(.data)
    pitch                                    0x20000048   Data           4  pid.o(.data)
    roll                                     0x2000004c   Data           4  pid.o(.data)
    yaw                                      0x20000050   Data           4  pid.o(.data)
    Target                                   0x20000054   Data           4  pid.o(.data)
    Actual                                   0x20000058   Data           4  pid.o(.data)
    Out                                      0x2000005c   Data           4  pid.o(.data)
    Kp                                       0x20000060   Data           4  pid.o(.data)
    Ki                                       0x20000064   Data           4  pid.o(.data)
    Kd                                       0x20000068   Data           4  pid.o(.data)
    Error0                                   0x2000006c   Data           4  pid.o(.data)
    Error1                                   0x20000070   Data           4  pid.o(.data)
    ErrorInt                                 0x20000074   Data           4  pid.o(.data)
    Target_Turn                              0x20000078   Data           4  pid.o(.data)
    Actual_Turn                              0x2000007c   Data           4  pid.o(.data)
    Out_Turn                                 0x20000080   Data           4  pid.o(.data)
    Kp_Turn                                  0x20000084   Data           4  pid.o(.data)
    Ki_Turn                                  0x20000088   Data           4  pid.o(.data)
    Kd_Turn                                  0x2000008c   Data           4  pid.o(.data)
    Error0_Turn                              0x20000090   Data           4  pid.o(.data)
    Error1_Turn                              0x20000094   Data           4  pid.o(.data)
    ErrorInt_Turn                            0x20000098   Data           4  pid.o(.data)
    Count                                    0x2000009c   Data           2  pid.o(.data)
    i                                        0x2000009e   Data           2  tim4.o(.data)
    IT_Flag                                  0x200000a0   Data           2  tim4.o(.data)
    flag                                     0x200000a2   Data           2  bluetooth_control.o(.data)
    Mode_Car                                 0x200000a4   Data           1  mode_control.o(.data)
    rec_state                                0x200000a5   Data           1  mode_control.o(.data)
    tri_state                                0x200000a6   Data           1  mode_control.o(.data)
    target_angle                             0x200000a8   Data           4  mode_control.o(.data)
    move_count                               0x200000ac   Data           2  mode_control.o(.data)
    PID_Turn_Flag                            0x200000ae   Data           1  mode_control.o(.data)
    Serial_RxCounter                         0x200000b4   Data           4  main.o(.data)
    PID_Straight                             0x200000b8   Data           1  main.o(.data)
    Serial_TxPacket                          0x200000f4   Data          50  usart1.o(.bss)
    Serial_RxPacket                          0x20000126   Data          50  usart1.o(.bss)
    __libspace_start                         0x20000168   Data          96  libspace.o(.bss)
    __temporary_stack_top$libspace           0x200001c8   Data           0  libspace.o(.bss)



==============================================================================

Memory Map of the image

  Image Entry point : 0x080000ed

  Load Region LR_IROM1 (Base: 0x08000000, Size: 0x0000acb4, Max: 0x00010000, ABSOLUTE)

    Execution Region ER_IROM1 (Exec base: 0x08000000, Load base: 0x08000000, Size: 0x0000abc0, Max: 0x00010000, ABSOLUTE)

    Exec Addr    Load Addr    Size         Type   Attr      Idx    E Section Name        Object

    0x08000000   0x08000000   0x000000ec   Data   RO            3    RESET               startup_stm32f10x_md_1.o
    0x080000ec   0x080000ec   0x00000008   Code   RO         1079  * !!!main             c_w.l(__main.o)
    0x080000f4   0x080000f4   0x00000034   Code   RO         1456    !!!scatter          c_w.l(__scatter.o)
    0x08000128   0x08000128   0x0000001a   Code   RO         1458    !!handler_copy      c_w.l(__scatter_copy.o)
    0x08000142   0x08000142   0x00000002   PAD
    0x08000144   0x08000144   0x0000001c   Code   RO         1460    !!handler_zi        c_w.l(__scatter_zi.o)
    0x08000160   0x08000160   0x00000000   Code   RO         1072    .ARM.Collect$$_printf_percent$$00000000  c_w.l(_printf_percent.o)
    0x08000160   0x08000160   0x00000006   Code   RO         1071    .ARM.Collect$$_printf_percent$$00000009  c_w.l(_printf_d.o)
    0x08000166   0x08000166   0x00000006   Code   RO         1070    .ARM.Collect$$_printf_percent$$0000000C  c_w.l(_printf_x.o)
    0x0800016c   0x0800016c   0x00000004   Code   RO         1188    .ARM.Collect$$_printf_percent$$00000017  c_w.l(_printf_percent_end.o)
    0x08000170   0x08000170   0x00000002   Code   RO         1325    .ARM.Collect$$libinit$$00000000  c_w.l(libinit.o)
    0x08000172   0x08000172   0x00000000   Code   RO         1335    .ARM.Collect$$libinit$$00000002  c_w.l(libinit2.o)
    0x08000172   0x08000172   0x00000000   Code   RO         1337    .ARM.Collect$$libinit$$00000004  c_w.l(libinit2.o)
    0x08000172   0x08000172   0x00000000   Code   RO         1340    .ARM.Collect$$libinit$$0000000A  c_w.l(libinit2.o)
    0x08000172   0x08000172   0x00000000   Code   RO         1342    .ARM.Collect$$libinit$$0000000C  c_w.l(libinit2.o)
    0x08000172   0x08000172   0x00000000   Code   RO         1344    .ARM.Collect$$libinit$$0000000E  c_w.l(libinit2.o)
    0x08000172   0x08000172   0x00000000   Code   RO         1347    .ARM.Collect$$libinit$$00000011  c_w.l(libinit2.o)
    0x08000172   0x08000172   0x00000000   Code   RO         1349    .ARM.Collect$$libinit$$00000013  c_w.l(libinit2.o)
    0x08000172   0x08000172   0x00000000   Code   RO         1351    .ARM.Collect$$libinit$$00000015  c_w.l(libinit2.o)
    0x08000172   0x08000172   0x00000000   Code   RO         1353    .ARM.Collect$$libinit$$00000017  c_w.l(libinit2.o)
    0x08000172   0x08000172   0x00000000   Code   RO         1355    .ARM.Collect$$libinit$$00000019  c_w.l(libinit2.o)
    0x08000172   0x08000172   0x00000000   Code   RO         1357    .ARM.Collect$$libinit$$0000001B  c_w.l(libinit2.o)
    0x08000172   0x08000172   0x00000000   Code   RO         1359    .ARM.Collect$$libinit$$0000001D  c_w.l(libinit2.o)
    0x08000172   0x08000172   0x00000000   Code   RO         1361    .ARM.Collect$$libinit$$0000001F  c_w.l(libinit2.o)
    0x08000172   0x08000172   0x00000000   Code   RO         1363    .ARM.Collect$$libinit$$00000021  c_w.l(libinit2.o)
    0x08000172   0x08000172   0x00000000   Code   RO         1365    .ARM.Collect$$libinit$$00000023  c_w.l(libinit2.o)
    0x08000172   0x08000172   0x00000000   Code   RO         1367    .ARM.Collect$$libinit$$00000025  c_w.l(libinit2.o)
    0x08000172   0x08000172   0x00000000   Code   RO         1371    .ARM.Collect$$libinit$$0000002C  c_w.l(libinit2.o)
    0x08000172   0x08000172   0x00000000   Code   RO         1373    .ARM.Collect$$libinit$$0000002E  c_w.l(libinit2.o)
    0x08000172   0x08000172   0x00000000   Code   RO         1375    .ARM.Collect$$libinit$$00000030  c_w.l(libinit2.o)
    0x08000172   0x08000172   0x00000000   Code   RO         1377    .ARM.Collect$$libinit$$00000032  c_w.l(libinit2.o)
    0x08000172   0x08000172   0x00000002   Code   RO         1378    .ARM.Collect$$libinit$$00000033  c_w.l(libinit2.o)
    0x08000174   0x08000174   0x00000002   Code   RO         1408    .ARM.Collect$$libshutdown$$00000000  c_w.l(libshutdown.o)
    0x08000176   0x08000176   0x00000000   Code   RO         1422    .ARM.Collect$$libshutdown$$00000002  c_w.l(libshutdown2.o)
    0x08000176   0x08000176   0x00000000   Code   RO         1424    .ARM.Collect$$libshutdown$$00000004  c_w.l(libshutdown2.o)
    0x08000176   0x08000176   0x00000000   Code   RO         1427    .ARM.Collect$$libshutdown$$00000007  c_w.l(libshutdown2.o)
    0x08000176   0x08000176   0x00000000   Code   RO         1430    .ARM.Collect$$libshutdown$$0000000A  c_w.l(libshutdown2.o)
    0x08000176   0x08000176   0x00000000   Code   RO         1432    .ARM.Collect$$libshutdown$$0000000C  c_w.l(libshutdown2.o)
    0x08000176   0x08000176   0x00000000   Code   RO         1435    .ARM.Collect$$libshutdown$$0000000F  c_w.l(libshutdown2.o)
    0x08000176   0x08000176   0x00000002   Code   RO         1436    .ARM.Collect$$libshutdown$$00000010  c_w.l(libshutdown2.o)
    0x08000178   0x08000178   0x00000000   Code   RO         1179    .ARM.Collect$$rtentry$$00000000  c_w.l(__rtentry.o)
    0x08000178   0x08000178   0x00000000   Code   RO         1270    .ARM.Collect$$rtentry$$00000002  c_w.l(__rtentry2.o)
    0x08000178   0x08000178   0x00000006   Code   RO         1282    .ARM.Collect$$rtentry$$00000004  c_w.l(__rtentry4.o)
    0x0800017e   0x0800017e   0x00000000   Code   RO         1272    .ARM.Collect$$rtentry$$00000009  c_w.l(__rtentry2.o)
    0x0800017e   0x0800017e   0x00000004   Code   RO         1273    .ARM.Collect$$rtentry$$0000000A  c_w.l(__rtentry2.o)
    0x08000182   0x08000182   0x00000000   Code   RO         1275    .ARM.Collect$$rtentry$$0000000C  c_w.l(__rtentry2.o)
    0x08000182   0x08000182   0x00000008   Code   RO         1276    .ARM.Collect$$rtentry$$0000000D  c_w.l(__rtentry2.o)
    0x0800018a   0x0800018a   0x00000002   Code   RO         1328    .ARM.Collect$$rtexit$$00000000  c_w.l(rtexit.o)
    0x0800018c   0x0800018c   0x00000000   Code   RO         1382    .ARM.Collect$$rtexit$$00000002  c_w.l(rtexit2.o)
    0x0800018c   0x0800018c   0x00000004   Code   RO         1383    .ARM.Collect$$rtexit$$00000003  c_w.l(rtexit2.o)
    0x08000190   0x08000190   0x00000006   Code   RO         1384    .ARM.Collect$$rtexit$$00000004  c_w.l(rtexit2.o)
    0x08000196   0x08000196   0x00000002   PAD
    0x08000198   0x08000198   0x00000040   Code   RO            4    .text               startup_stm32f10x_md_1.o
    0x080001d8   0x080001d8   0x000001e0   Code   RO           24    .text               system_stm32f10x.o
    0x080003b8   0x080003b8   0x0000005e   Code   RO          187    .text               delay.o
    0x08000416   0x08000416   0x00000002   PAD
    0x08000418   0x08000418   0x000000a0   Code   RO          199    .text               usart.o
    0x080004b8   0x080004b8   0x000000dc   Code   RO          219    .text               misc.o
    0x08000594   0x08000594   0x0000044e   Code   RO          234    .text               stm32f10x_adc.o
    0x080009e2   0x080009e2   0x00000002   PAD
    0x080009e4   0x080009e4   0x0000035c   Code   RO          399    .text               stm32f10x_gpio.o
    0x08000d40   0x08000d40   0x000003a4   Code   RO          459    .text               stm32f10x_rcc.o
    0x080010e4   0x080010e4   0x00000e1a   Code   RO          521    .text               stm32f10x_tim.o
    0x08001efe   0x08001efe   0x00000002   PAD
    0x08001f00   0x08001f00   0x00000408   Code   RO          536    .text               stm32f10x_usart.o
    0x08002308   0x08002308   0x00000508   Code   RO          578    .text               key.o
    0x08002810   0x08002810   0x00000420   Code   RO          617    .text               oled.o
    0x08002c30   0x08002c30   0x000000a8   Code   RO          635    .text               pwm.o
    0x08002cd8   0x08002cd8   0x0000013c   Code   RO          662    .text               motor.o
    0x08002e14   0x08002e14   0x00000044   Code   RO          674    .text               buzzer.o
    0x08002e58   0x08002e58   0x000000c0   Code   RO          686    .text               ad.o
    0x08002f18   0x08002f18   0x0000020c   Code   RO          731    .text               usart1.o
    0x08003124   0x08003124   0x000003a4   Code   RO          750    .text               pid.o
    0x080034c8   0x080034c8   0x00000098   Code   RO          765    .text               tim4.o
    0x08003560   0x08003560   0x00000060   Code   RO          811    .text               bluetooth_control.o
    0x080035c0   0x080035c0   0x00000864   Code   RO          830    .text               mode_control.o
    0x08003e24   0x08003e24   0x00000294   Code   RO          849    .text               main.o
    0x080040b8   0x080040b8   0x0000001a   Code   RO          913    .text               stm32f10x_it.o
    0x080040d2   0x080040d2   0x00000002   PAD
    0x080040d4   0x080040d4   0x000022a8   Code   RO          928    .text               inv_mpu.o
    0x0800637c   0x0800637c   0x00000d70   Code   RO          968    .text               inv_mpu_dmp_motion_driver.o
    0x080070ec   0x080070ec   0x00000368   Code   RO          989    .text               mpu6050_1.o
    0x08007454   0x08007454   0x00000218   Code   RO         1001    .text               mpuiic.o
    0x0800766c   0x0800766c   0x00000002   Code   RO         1015    .text               c_w.l(use_no_semi_2.o)
    0x0800766e   0x0800766e   0x00000048   Code   RO         1017    .text               c_w.l(llsdiv.o)
    0x080076b6   0x080076b6   0x00000002   PAD
    0x080076b8   0x080076b8   0x00000018   Code   RO         1021    .text               c_w.l(noretval__2printf.o)
    0x080076d0   0x080076d0   0x0000004e   Code   RO         1025    .text               c_w.l(_printf_pad.o)
    0x0800771e   0x0800771e   0x00000002   PAD
    0x08007720   0x08007720   0x00000078   Code   RO         1027    .text               c_w.l(_printf_dec.o)
    0x08007798   0x08007798   0x00000058   Code   RO         1032    .text               c_w.l(_printf_hex_int.o)
    0x080077f0   0x080077f0   0x00000138   Code   RO         1062    .text               c_w.l(__printf_flags_wp.o)
    0x08007928   0x08007928   0x00000058   Code   RO         1073    .text               c_w.l(memcmp.o)
    0x08007980   0x08007980   0x00000010   Code   RO         1075    .text               c_w.l(aeabi_memset.o)
    0x08007990   0x08007990   0x00000006   Code   RO         1077    .text               c_w.l(heapauxi.o)
    0x08007996   0x08007996   0x00000002   Code   RO         1177    .text               c_w.l(use_no_semi.o)
    0x08007998   0x08007998   0x000000ee   Code   RO         1180    .text               c_w.l(lludivv7m.o)
    0x08007a86   0x08007a86   0x00000016   Code   RO         1182    .text               c_w.l(_rserrno.o)
    0x08007a9c   0x08007a9c   0x000000b2   Code   RO         1184    .text               c_w.l(_printf_intcommon.o)
    0x08007b4e   0x08007b4e   0x00000002   PAD
    0x08007b50   0x08007b50   0x00000024   Code   RO         1186    .text               c_w.l(_printf_char_file.o)
    0x08007b74   0x08007b74   0x00000044   Code   RO         1189    .text               c_w.l(rt_memclr.o)
    0x08007bb8   0x08007bb8   0x00000008   Code   RO         1291    .text               c_w.l(rt_errno_addr_intlibspace.o)
    0x08007bc0   0x08007bc0   0x00000030   Code   RO         1293    .text               c_w.l(_printf_char_common.o)
    0x08007bf0   0x08007bf0   0x00000008   Code   RO         1295    .text               c_w.l(ferror.o)
    0x08007bf8   0x08007bf8   0x0000004e   Code   RO         1299    .text               c_w.l(rt_memclr_w.o)
    0x08007c46   0x08007c46   0x00000002   PAD
    0x08007c48   0x08007c48   0x00000008   Code   RO         1309    .text               c_w.l(libspace.o)
    0x08007c50   0x08007c50   0x0000004a   Code   RO         1312    .text               c_w.l(sys_stackheap_outer.o)
    0x08007c9a   0x08007c9a   0x00000012   Code   RO         1318    .text               c_w.l(exit.o)
    0x08007cac   0x08007cac   0x00000028   Code   RO         1232    i.__ARM_fpclassify  m_ws.l(fpclassify.o)
    0x08007cd4   0x08007cd4   0x000000aa   Code   RO         1250    i.__kernel_poly     m_ws.l(poly.o)
    0x08007d7e   0x08007d7e   0x00000006   Code   RO         1219    i.__mathlib_dbl_infnan  m_ws.l(dunder.o)
    0x08007d84   0x08007d84   0x00000004   Code   RO         1220    i.__mathlib_dbl_infnan2  m_ws.l(dunder.o)
    0x08007d88   0x08007d88   0x0000000c   Code   RO         1221    i.__mathlib_dbl_invalid  m_ws.l(dunder.o)
    0x08007d94   0x08007d94   0x00000010   Code   RO         1224    i.__mathlib_dbl_underflow  m_ws.l(dunder.o)
    0x08007da4   0x08007da4   0x0000000e   Code   RO         1060    i._is_digit         c_w.l(__printf_wp.o)
    0x08007db2   0x08007db2   0x00000002   PAD
    0x08007db4   0x08007db4   0x00000270   Code   RO         1144    i.asin              m_ws.l(asin.o)
    0x08008024   0x08008024   0x00000220   Code   RO         1209    i.atan              m_ws.l(atan.o)
    0x08008244   0x08008244   0x00000180   Code   RO         1162    i.atan2             m_ws.l(atan2.o)
    0x080083c4   0x080083c4   0x0000004c   Code   RO         1254    i.sqrt              m_ws.l(sqrt.o)
    0x08008410   0x08008410   0x00000062   Code   RO         1081    x$fpl$d2f           fz_ws.l(d2f.o)
    0x08008472   0x08008472   0x00000002   PAD
    0x08008474   0x08008474   0x00000150   Code   RO         1083    x$fpl$dadd          fz_ws.l(daddsub_clz.o)
    0x080085c4   0x080085c4   0x00000010   Code   RO         1301    x$fpl$dcheck1       fz_ws.l(dcheck1.o)
    0x080085d4   0x080085d4   0x00000018   Code   RO         1191    x$fpl$dcmpinf       fz_ws.l(dcmpi.o)
    0x080085ec   0x080085ec   0x000002b0   Code   RO         1090    x$fpl$ddiv          fz_ws.l(ddiv.o)
    0x0800889c   0x0800889c   0x0000005a   Code   RO         1093    x$fpl$dfixu         fz_ws.l(dfixu.o)
    0x080088f6   0x080088f6   0x0000002e   Code   RO         1098    x$fpl$dflt          fz_ws.l(dflt_clz.o)
    0x08008924   0x08008924   0x00000078   Code   RO         1103    x$fpl$dleqf         fz_ws.l(dleqf.o)
    0x0800899c   0x0800899c   0x00000154   Code   RO         1105    x$fpl$dmul          fz_ws.l(dmul.o)
    0x08008af0   0x08008af0   0x0000009c   Code   RO         1193    x$fpl$dnaninf       fz_ws.l(dnaninf.o)
    0x08008b8c   0x08008b8c   0x0000000c   Code   RO         1195    x$fpl$dretinf       fz_ws.l(dretinf.o)
    0x08008b98   0x08008b98   0x0000006c   Code   RO         1107    x$fpl$drleqf        fz_ws.l(drleqf.o)
    0x08008c04   0x08008c04   0x00000016   Code   RO         1084    x$fpl$drsb          fz_ws.l(daddsub_clz.o)
    0x08008c1a   0x08008c1a   0x00000002   PAD
    0x08008c1c   0x08008c1c   0x000001cc   Code   RO         1303    x$fpl$dsqrt         fz_ws.l(dsqrt_noumaal.o)
    0x08008de8   0x08008de8   0x000001d4   Code   RO         1085    x$fpl$dsub          fz_ws.l(daddsub_clz.o)
    0x08008fbc   0x08008fbc   0x00000056   Code   RO         1109    x$fpl$f2d           fz_ws.l(f2d.o)
    0x08009012   0x08009012   0x00000002   PAD
    0x08009014   0x08009014   0x000000c4   Code   RO         1111    x$fpl$fadd          fz_ws.l(faddsub_clz.o)
    0x080090d8   0x080090d8   0x00000018   Code   RO         1197    x$fpl$fcmpinf       fz_ws.l(fcmpi.o)
    0x080090f0   0x080090f0   0x00000184   Code   RO         1118    x$fpl$fdiv          fz_ws.l(fdiv.o)
    0x08009274   0x08009274   0x00000068   Code   RO         1121    x$fpl$feqf          fz_ws.l(feqf.o)
    0x080092dc   0x080092dc   0x00000036   Code   RO         1123    x$fpl$ffix          fz_ws.l(ffix.o)
    0x08009312   0x08009312   0x00000002   PAD
    0x08009314   0x08009314   0x0000003e   Code   RO         1127    x$fpl$ffixu         fz_ws.l(ffixu.o)
    0x08009352   0x08009352   0x00000002   PAD
    0x08009354   0x08009354   0x00000030   Code   RO         1132    x$fpl$fflt          fz_ws.l(fflt_clz.o)
    0x08009384   0x08009384   0x00000026   Code   RO         1131    x$fpl$ffltu         fz_ws.l(fflt_clz.o)
    0x080093aa   0x080093aa   0x00000002   PAD
    0x080093ac   0x080093ac   0x00000068   Code   RO         1137    x$fpl$fleqf         fz_ws.l(fleqf.o)
    0x08009414   0x08009414   0x00000102   Code   RO         1139    x$fpl$fmul          fz_ws.l(fmul.o)
    0x08009516   0x08009516   0x0000008c   Code   RO         1199    x$fpl$fnaninf       fz_ws.l(fnaninf.o)
    0x080095a2   0x080095a2   0x0000000a   Code   RO         1201    x$fpl$fretinf       fz_ws.l(fretinf.o)
    0x080095ac   0x080095ac   0x00000062   Code   RO         1141    x$fpl$frleqf        fz_ws.l(frleqf.o)
    0x0800960e   0x0800960e   0x00000002   PAD
    0x08009610   0x08009610   0x000000ea   Code   RO         1113    x$fpl$fsub          fz_ws.l(faddsub_clz.o)
    0x080096fa   0x080096fa   0x00000064   Code   RO         1326    x$fpl$retnan        fz_ws.l(retnan.o)
    0x0800975e   0x0800975e   0x0000005c   Code   RO         1203    x$fpl$scalbn        fz_ws.l(scalbn.o)
    0x080097ba   0x080097ba   0x00000030   Code   RO         1379    x$fpl$trapveneer    fz_ws.l(trapv.o)
    0x080097ea   0x080097ea   0x00000000   Code   RO         1207    x$fpl$usenofp       fz_ws.l(usenofp.o)
    0x080097ea   0x080097ea   0x000005f0   Data   RO          618    .constdata          oled.o
    0x08009dda   0x08009dda   0x00000002   PAD
    0x08009ddc   0x08009ddc   0x00000050   Data   RO          929    .constdata          inv_mpu.o
    0x08009e2c   0x08009e2c   0x00000bf6   Data   RO          970    .constdata          inv_mpu_dmp_motion_driver.o
    0x0800aa22   0x0800aa22   0x00000028   Data   RO         1033    .constdata          c_w.l(_printf_hex_int.o)
    0x0800aa4a   0x0800aa4a   0x00000011   Data   RO         1063    .constdata          c_w.l(__printf_flags_wp.o)
    0x0800aa5b   0x0800aa5b   0x00000005   PAD
    0x0800aa60   0x0800aa60   0x00000050   Data   RO         1145    .constdata          m_ws.l(asin.o)
    0x0800aab0   0x0800aab0   0x00000098   Data   RO         1210    .constdata          m_ws.l(atan.o)
    0x0800ab48   0x0800ab48   0x00000008   Data   RO         1252    .constdata          m_ws.l(qnan.o)
    0x0800ab50   0x0800ab50   0x0000004d   Data   RO          930    .conststring        inv_mpu.o
    0x0800ab9d   0x0800ab9d   0x00000003   PAD
    0x0800aba0   0x0800aba0   0x00000020   Data   RO         1454    Region$$Table       anon$$obj.o


    Execution Region RW_IRAM1 (Exec base: 0x20000000, Load base: 0x0800abc0, Size: 0x000007c8, Max: 0x00005000, ABSOLUTE)

    Exec Addr    Load Addr    Size         Type   Attr      Idx    E Section Name        Object

    0x20000000   0x0800abc0   0x00000014   Data   RW           25    .data               system_stm32f10x.o
    0x20000014   0x0800abd4   0x00000005   Data   RW          201    .data               usart.o
    0x20000019   0x0800abd9   0x00000014   Data   RW          460    .data               stm32f10x_rcc.o
    0x2000002d   0x0800abed   0x00000003   PAD
    0x20000030   0x0800abf0   0x0000000f   Data   RW          579    .data               key.o
    0x2000003f   0x0800abff   0x00000001   PAD
    0x20000040   0x0800ac00   0x00000006   Data   RW          733    .data               usart1.o
    0x20000046   0x0800ac06   0x00000002   PAD
    0x20000048   0x0800ac08   0x00000056   Data   RW          751    .data               pid.o
    0x2000009e   0x0800ac5e   0x00000004   Data   RW          766    .data               tim4.o
    0x200000a2   0x0800ac62   0x00000002   Data   RW          812    .data               bluetooth_control.o
    0x200000a4   0x0800ac64   0x00000010   Data   RW          831    .data               mode_control.o
    0x200000b4   0x0800ac74   0x00000005   Data   RW          850    .data               main.o
    0x200000b9   0x0800ac79   0x00000003   PAD
    0x200000bc   0x0800ac7c   0x00000035   Data   RW          931    .data               inv_mpu.o
    0x200000f1   0x0800acb1   0x00000003   PAD
    0x200000f4        -       0x00000064   Zero   RW          732    .bss                usart1.o
    0x20000158        -       0x00000010   Zero   RW          969    .bss                inv_mpu_dmp_motion_driver.o
    0x20000168        -       0x00000060   Zero   RW         1310    .bss                c_w.l(libspace.o)
    0x200001c8        -       0x00000200   Zero   RW            2    HEAP                startup_stm32f10x_md_1.o
    0x200003c8        -       0x00000400   Zero   RW            1    STACK               startup_stm32f10x_md_1.o


==============================================================================

Image component sizes


      Code (inc. data)   RO Data    RW Data    ZI Data      Debug   Object Name

       192         10          0          0          0        702   ad.o
        96         10          0          2          0       1135   bluetooth_control.o
        68          6          0          0          0        663   buzzer.o
         0          0          0          0          0       4500   core_cm3.o
        94          0          0          0          0        804   delay.o
      8872        210        157         53          0      23785   inv_mpu.o
      3440        126       3062          0         16      15223   inv_mpu_dmp_motion_driver.o
      1288        102          0         15          0       1886   key.o
       660        160          0          5          0        891   main.o
       220         22          0          0          0       3277   misc.o
      2148        184          0         16          0       3359   mode_control.o
       316         10          0          0          0       1703   motor.o
       872         18          0          0          0       4235   mpu6050_1.o
       536         14          0          0          0       2331   mpuiic.o
      1056          8       1520          0          0       4880   oled.o
       932        128          0         86          0       2166   pid.o
       168          8          0          0          0        595   pwm.o
        64         26        236          0       1536        792   startup_stm32f10x_md_1.o
      1102         26          0          0          0      19881   stm32f10x_adc.o
       860         38          0          0          0      13889   stm32f10x_gpio.o
        26          0          0          0          0       1166   stm32f10x_it.o
       932         36          0         20          0      17400   stm32f10x_rcc.o
      3610         88          0          0          0      42988   stm32f10x_tim.o
      1032         22          0          0          0      14300   stm32f10x_usart.o
         0          0          0          0          0     212264   sys.o
       480         38          0         20          0      44943   system_stm32f10x.o
       152         12          0          4          0        840   tim4.o
       160          8          0          5          0       2665   usart.o
       524         28          0          6        100       3096   usart1.o

    ----------------------------------------------------------------------
     29908       1338       5012        244       1652     446359   Object Totals
         0          0         32          0          0          0   (incl. Generated)
         8          0          5         12          0          0   (incl. Padding)

    ----------------------------------------------------------------------

      Code (inc. data)   RO Data    RW Data    ZI Data      Debug   Library Member Name

         8          0          0          0          0         68   __main.o
       312          4         17          0          0         92   __printf_flags_wp.o
        14          0          0          0          0         68   __printf_wp.o
         0          0          0          0          0          0   __rtentry.o
        12          0          0          0          0          0   __rtentry2.o
         6          0          0          0          0          0   __rtentry4.o
        52          8          0          0          0          0   __scatter.o
        26          0          0          0          0          0   __scatter_copy.o
        28          0          0          0          0          0   __scatter_zi.o
        48          6          0          0          0         96   _printf_char_common.o
        36          4          0          0          0         80   _printf_char_file.o
         6          0          0          0          0          0   _printf_d.o
       120         16          0          0          0         92   _printf_dec.o
        88          4         40          0          0         88   _printf_hex_int.o
       178          0          0          0          0         88   _printf_intcommon.o
        78          0          0          0          0        108   _printf_pad.o
         0          0          0          0          0          0   _printf_percent.o
         4          0          0          0          0          0   _printf_percent_end.o
         6          0          0          0          0          0   _printf_x.o
        22          0          0          0          0        100   _rserrno.o
        16          0          0          0          0         68   aeabi_memset.o
        18          0          0          0          0         80   exit.o
         8          0          0          0          0         68   ferror.o
         6          0          0          0          0        152   heapauxi.o
         2          0          0          0          0          0   libinit.o
         2          0          0          0          0          0   libinit2.o
         2          0          0          0          0          0   libshutdown.o
         2          0          0          0          0          0   libshutdown2.o
         8          4          0          0         96         68   libspace.o
        72          0          0          0          0         76   llsdiv.o
       238          0          0          0          0        100   lludivv7m.o
        88          0          0          0          0         76   memcmp.o
        24          4          0          0          0         84   noretval__2printf.o
         8          4          0          0          0         68   rt_errno_addr_intlibspace.o
        68          0          0          0          0         68   rt_memclr.o
        78          0          0          0          0         80   rt_memclr_w.o
         2          0          0          0          0          0   rtexit.o
        10          0          0          0          0          0   rtexit2.o
        74          0          0          0          0         80   sys_stackheap_outer.o
         2          0          0          0          0         68   use_no_semi.o
         2          0          0          0          0         68   use_no_semi_2.o
        98          4          0          0          0         92   d2f.o
       826         16          0          0          0        348   daddsub_clz.o
        16          4          0          0          0         68   dcheck1.o
        24          0          0          0          0         68   dcmpi.o
       688        140          0          0          0        208   ddiv.o
        90          4          0          0          0         92   dfixu.o
        46          0          0          0          0         68   dflt_clz.o
       120          4          0          0          0         92   dleqf.o
       340         12          0          0          0        104   dmul.o
       156          4          0          0          0         92   dnaninf.o
        12          0          0          0          0         68   dretinf.o
       108          0          0          0          0         80   drleqf.o
       460         56          0          0          0        120   dsqrt_noumaal.o
        86          4          0          0          0         84   f2d.o
       430          8          0          0          0        168   faddsub_clz.o
        24          0          0          0          0         68   fcmpi.o
       388         76          0          0          0         96   fdiv.o
       104          4          0          0          0         84   feqf.o
        54          4          0          0          0         84   ffix.o
        62          4          0          0          0         84   ffixu.o
        86          0          0          0          0        136   fflt_clz.o
       104          4          0          0          0         84   fleqf.o
       258          4          0          0          0         84   fmul.o
       140          4          0          0          0         84   fnaninf.o
        10          0          0          0          0         68   fretinf.o
        98          0          0          0          0         68   frleqf.o
       100          0          0          0          0         68   retnan.o
        92          0          0          0          0         68   scalbn.o
        48          0          0          0          0         68   trapv.o
         0          0          0          0          0          0   usenofp.o
       624         52         80          0          0        168   asin.o
       544         70        152          0          0        124   atan.o
       384         38          0          0          0        144   atan2.o
        38          6          0          0          0        272   dunder.o
        40          0          0          0          0         68   fpclassify.o
       170          0          0          0          0         96   poly.o
         0          0          8          0          0          0   qnan.o
        76          0          0          0          0         84   sqrt.o

    ----------------------------------------------------------------------
      8746        576        302          0         96       5936   Library Totals
        28          0          5          0          0          0   (incl. Padding)

    ----------------------------------------------------------------------

      Code (inc. data)   RO Data    RW Data    ZI Data      Debug   Library Name

      1774         54         57          0         96       2084   c_w.l
      5068        356          0          0          0       2896   fz_ws.l
      1876        166        240          0          0        956   m_ws.l

    ----------------------------------------------------------------------
      8746        576        302          0         96       5936   Library Totals

    ----------------------------------------------------------------------

==============================================================================


      Code (inc. data)   RO Data    RW Data    ZI Data      Debug   

     38654       1914       5314        244       1748     446831   Grand Totals
     38654       1914       5314        244       1748     446831   ELF Image Totals
     38654       1914       5314        244          0          0   ROM Totals

==============================================================================

    Total RO  Size (Code + RO Data)                43968 (  42.94kB)
    Total RW  Size (RW Data + ZI Data)              1992 (   1.95kB)
    Total ROM Size (Code + RO Data + RW Data)      44212 (  43.18kB)

==============================================================================

